Archive member included because of file (symbol)

c:/tools/arm/gcc/bin/../lib/gcc/arm-none-eabi/4.9.3/../../../../arm-none-eabi/lib/armv7e-m/fpu\libg_nano.a(lib_a-errno.o)
                              ./system/src/newlib/_sbrk.o (__errno)
c:/tools/arm/gcc/bin/../lib/gcc/arm-none-eabi/4.9.3/../../../../arm-none-eabi/lib/armv7e-m/fpu\libg_nano.a(lib_a-impure.o)
                              c:/tools/arm/gcc/bin/../lib/gcc/arm-none-eabi/4.9.3/../../../../arm-none-eabi/lib/armv7e-m/fpu\libg_nano.a(lib_a-errno.o) (_impure_ptr)
c:/tools/arm/gcc/bin/../lib/gcc/arm-none-eabi/4.9.3/../../../../arm-none-eabi/lib/armv7e-m/fpu\libg_nano.a(lib_a-memcpy.o)
                              ./FreeRTOS/source/queue.o (memcpy)
c:/tools/arm/gcc/bin/../lib/gcc/arm-none-eabi/4.9.3/../../../../arm-none-eabi/lib/armv7e-m/fpu\libg_nano.a(lib_a-memset.o)
                              ./FreeRTOS/source/tasks.o (memset)
c:/tools/arm/gcc/bin/../lib/gcc/arm-none-eabi/4.9.3/../../../../arm-none-eabi/lib/armv7e-m/fpu\libg_nano.a(lib_a-strlen.o)
                              ./system/src/diag/Trace.o (strlen)
c:/tools/arm/gcc/bin/../lib/gcc/arm-none-eabi/4.9.3/../../../../arm-none-eabi/lib/armv7e-m/fpu\libg_nano.a(lib_a-vsnprintf.o)
                              ./system/src/diag/Trace.o (vsnprintf)
c:/tools/arm/gcc/bin/../lib/gcc/arm-none-eabi/4.9.3/../../../../arm-none-eabi/lib/armv7e-m/fpu\libg_nano.a(lib_a-nano-svfprintf.o)
                              c:/tools/arm/gcc/bin/../lib/gcc/arm-none-eabi/4.9.3/../../../../arm-none-eabi/lib/armv7e-m/fpu\libg_nano.a(lib_a-vsnprintf.o) (_svfprintf_r)
c:/tools/arm/gcc/bin/../lib/gcc/arm-none-eabi/4.9.3/../../../../arm-none-eabi/lib/armv7e-m/fpu\libg_nano.a(lib_a-nano-vfprintf_i.o)
                              c:/tools/arm/gcc/bin/../lib/gcc/arm-none-eabi/4.9.3/../../../../arm-none-eabi/lib/armv7e-m/fpu\libg_nano.a(lib_a-nano-svfprintf.o) (_printf_i)
c:/tools/arm/gcc/bin/../lib/gcc/arm-none-eabi/4.9.3/../../../../arm-none-eabi/lib/armv7e-m/fpu\libg_nano.a(lib_a-memchr.o)
                              c:/tools/arm/gcc/bin/../lib/gcc/arm-none-eabi/4.9.3/../../../../arm-none-eabi/lib/armv7e-m/fpu\libg_nano.a(lib_a-nano-svfprintf.o) (memchr)
c:/tools/arm/gcc/bin/../lib/gcc/arm-none-eabi/4.9.3/../../../../arm-none-eabi/lib/armv7e-m/fpu\libg_nano.a(lib_a-memmove.o)
                              c:/tools/arm/gcc/bin/../lib/gcc/arm-none-eabi/4.9.3/../../../../arm-none-eabi/lib/armv7e-m/fpu\libg_nano.a(lib_a-nano-svfprintf.o) (memmove)
c:/tools/arm/gcc/bin/../lib/gcc/arm-none-eabi/4.9.3/../../../../arm-none-eabi/lib/armv7e-m/fpu\libg_nano.a(lib_a-nano-freer.o)
                              c:/tools/arm/gcc/bin/../lib/gcc/arm-none-eabi/4.9.3/../../../../arm-none-eabi/lib/armv7e-m/fpu\libg_nano.a(lib_a-nano-svfprintf.o) (_free_r)
c:/tools/arm/gcc/bin/../lib/gcc/arm-none-eabi/4.9.3/../../../../arm-none-eabi/lib/armv7e-m/fpu\libg_nano.a(lib_a-nano-mallocr.o)
                              c:/tools/arm/gcc/bin/../lib/gcc/arm-none-eabi/4.9.3/../../../../arm-none-eabi/lib/armv7e-m/fpu\libg_nano.a(lib_a-nano-svfprintf.o) (_malloc_r)
c:/tools/arm/gcc/bin/../lib/gcc/arm-none-eabi/4.9.3/../../../../arm-none-eabi/lib/armv7e-m/fpu\libg_nano.a(lib_a-nano-reallocr.o)
                              c:/tools/arm/gcc/bin/../lib/gcc/arm-none-eabi/4.9.3/../../../../arm-none-eabi/lib/armv7e-m/fpu\libg_nano.a(lib_a-nano-svfprintf.o) (_realloc_r)
c:/tools/arm/gcc/bin/../lib/gcc/arm-none-eabi/4.9.3/../../../../arm-none-eabi/lib/armv7e-m/fpu\libg_nano.a(lib_a-sbrkr.o)
                              c:/tools/arm/gcc/bin/../lib/gcc/arm-none-eabi/4.9.3/../../../../arm-none-eabi/lib/armv7e-m/fpu\libg_nano.a(lib_a-nano-mallocr.o) (_sbrk_r)
c:/tools/arm/gcc/bin/../lib/gcc/arm-none-eabi/4.9.3/../../../../arm-none-eabi/lib/armv7e-m/fpu\libg_nano.a(lib_a-nano-msizer.o)
                              c:/tools/arm/gcc/bin/../lib/gcc/arm-none-eabi/4.9.3/../../../../arm-none-eabi/lib/armv7e-m/fpu\libg_nano.a(lib_a-nano-reallocr.o) (_malloc_usable_size_r)

Allocating common symbols
Common symbol       size              file

Bad_Instruction_Address
                    0x4               ./system/src/cortexm/exception_handlers.o
haudio_i2s          0x44              ./system/STM324xG_EVAL/stm324xg_eval_audio.o
errno               0x4               ./system/src/newlib/_syscalls.o
EEPROMDataRead      0x2               ./system/STM324xG_EVAL/stm324xg_eval_eeprom.o
pFlash              0x20              ./system/src/stm32f4-hal/stm32f4xx_hal_flash.o
audio_drv           0x4               ./system/STM324xG_EVAL/stm324xg_eval_audio.o
Bad_Memory_Address  0x4               ./system/src/cortexm/exception_handlers.o
EEPROMDataWrite     0x1               ./system/STM324xG_EVAL/stm324xg_eval_eeprom.o

Discarded input sections

 .group         0x00000000        0x8 ./system/src/stm32f4-hal/stm32f4xx_hal.o
 .group         0x00000000        0x8 ./system/src/stm32f4-hal/stm32f4xx_hal.o
 .group         0x00000000        0x8 ./system/src/stm32f4-hal/stm32f4xx_hal.o
[...]
Memory Configuration

Name             Origin             Length             Attributes
RAM              0x20000000         0x00020000         xrw
CCMRAM           0x10000000         0x00010000         xrw
FLASH            0x08000000         0x00100000         xr
FLASHB1          0x00000000         0x00000000         xr
EXTMEMB0         0x00000000         0x00000000         xr
EXTMEMB1         0x00000000         0x00000000         xr
EXTMEMB2         0x00000000         0x00000000         xr
EXTMEMB3         0x00000000         0x00000000         xr
MEMORY_ARRAY     0x20002000         0x00000020         xrw
*default*        0x00000000         0xffffffff

Linker script and memory map

LOAD ./system/src/stm32f4-hal/stm32f4xx_hal.o
LOAD ./system/src/stm32f4-hal/stm32f4xx_hal_adc.o
LOAD ./system/src/stm32f4-hal/stm32f4xx_hal_cec.o
LOAD ./system/src/stm32f4-hal/stm32f4xx_hal_cortex.o
LOAD ./system/src/stm32f4-hal/stm32f4xx_hal_dma.o
LOAD ./system/src/stm32f4-hal/stm32f4xx_hal_dsi.o
LOAD ./system/src/stm32f4-hal/stm32f4xx_hal_flash.o
LOAD ./system/src/stm32f4-hal/stm32f4xx_hal_flash_ex.o
LOAD ./system/src/stm32f4-hal/stm32f4xx_hal_flash_ramfunc.o
LOAD ./system/src/stm32f4-hal/stm32f4xx_hal_gpio.o
LOAD ./system/src/stm32f4-hal/stm32f4xx_hal_i2c.o
LOAD ./system/src/stm32f4-hal/stm32f4xx_hal_iwdg.o
LOAD ./system/src/stm32f4-hal/stm32f4xx_hal_lptim.o
LOAD ./system/src/stm32f4-hal/stm32f4xx_hal_ltdc_ex.o
LOAD ./system/src/stm32f4-hal/stm32f4xx_hal_pwr.o
LOAD ./system/src/stm32f4-hal/stm32f4xx_hal_pwr_ex.o
LOAD ./system/src/stm32f4-hal/stm32f4xx_hal_rcc.o
LOAD ./system/src/stm32f4-hal/stm32f4xx_hal_rcc_ex.o
LOAD ./system/src/stm32f4-hal/stm32f4xx_hal_rng.o
LOAD ./system/src/stm32f4-hal/stm32f4xx_hal_sram.o
LOAD ./system/src/stm32f4-hal/stm32f4xx_hal_uart.o
LOAD ./system/src/stm32f4-hal/stm32f4xx_hal_usart.o
LOAD ./system/src/stm32f4-hal/stm32f4xx_ll_fsmc.o
LOAD ./system/src/newlib/_cxx.o
LOAD ./system/src/newlib/_exit.o
LOAD ./system/src/newlib/_sbrk.o
LOAD ./system/src/newlib/_startup.o
LOAD ./system/src/newlib/_syscalls.o
LOAD ./system/src/newlib/assert.o
LOAD ./system/src/diag/Trace.o
LOAD ./system/src/diag/trace_impl.o
LOAD ./system/src/cortexm/_initialize_hardware.o
LOAD ./system/src/cortexm/_reset_hardware.o
LOAD ./system/src/cortexm/exception_handlers.o
LOAD ./system/src/cmsis/system_stm32f4xx.o
LOAD ./system/src/cmsis/vectors_stm32f4xx.o
LOAD ./system/STM324xG_EVAL/cs43l22.o
LOAD ./system/STM324xG_EVAL/font12.o
LOAD ./system/STM324xG_EVAL/font16.o
LOAD ./system/STM324xG_EVAL/font20.o
LOAD ./system/STM324xG_EVAL/font24.o
LOAD ./system/STM324xG_EVAL/font8.o
LOAD ./system/STM324xG_EVAL/ili9325.o
LOAD ./system/STM324xG_EVAL/stm324xg_eval.o
LOAD ./system/STM324xG_EVAL/stm324xg_eval_audio.o
LOAD ./system/STM324xG_EVAL/stm324xg_eval_eeprom.o
LOAD ./system/STM324xG_EVAL/stm324xg_eval_io.o
LOAD ./system/STM324xG_EVAL/stm324xg_eval_lcd.o
LOAD ./system/STM324xG_EVAL/stm324xg_eval_sd.o
LOAD ./system/STM324xG_EVAL/stm324xg_eval_sram.o
LOAD ./system/STM324xG_EVAL/stm324xg_eval_ts.o
LOAD ./system/STM324xG_EVAL/stmpe811.o
LOAD ./src/adc.o
LOAD ./src/bargraph.o
LOAD ./src/button.o
LOAD ./src/led_blinker.o
LOAD ./src/main.o
LOAD ./src/system_support.o
LOAD ./src/uart.o
LOAD ./src/uart_task.o
LOAD ./FreeRTOS/source/event_groups.o
LOAD ./FreeRTOS/source/list.o
LOAD ./FreeRTOS/source/queue.o
LOAD ./FreeRTOS/source/tasks.o
LOAD ./FreeRTOS/source/timers.o
LOAD ./FreeRTOS/MemoryManager/heap_tlsf.o
LOAD ./FreeRTOS/MemoryManager/tlsf.o
LOAD ./FreeRTOS/ARM_CM3_MPU/port.o
LOAD c:/tools/arm/gcc/bin/../lib/gcc/arm-none-eabi/4.9.3/../../../../arm-none-eabi/lib/armv7e-m/fpu\libstdc++_nano.a
LOAD c:/tools/arm/gcc/bin/../lib/gcc/arm-none-eabi/4.9.3/../../../../arm-none-eabi/lib/armv7e-m/fpu\libm.a
START GROUP
LOAD c:/tools/arm/gcc/bin/../lib/gcc/arm-none-eabi/4.9.3/armv7e-m/fpu\libgcc.a
LOAD c:/tools/arm/gcc/bin/../lib/gcc/arm-none-eabi/4.9.3/../../../../arm-none-eabi/lib/armv7e-m/fpu\libg_nano.a
LOAD c:/tools/arm/gcc/bin/../lib/gcc/arm-none-eabi/4.9.3/../../../../arm-none-eabi/lib/armv7e-m/fpu\libc_nano.a
END GROUP
START GROUP
LOAD c:/tools/arm/gcc/bin/../lib/gcc/arm-none-eabi/4.9.3/armv7e-m/fpu\libgcc.a
LOAD c:/tools/arm/gcc/bin/../lib/gcc/arm-none-eabi/4.9.3/../../../../arm-none-eabi/lib/armv7e-m/fpu\libc_nano.a
END GROUP
                0x10010000                __stack = (ORIGIN (CCMRAM) + 0x10000)
                0x10010000                _estack = __stack
                0x00006000                _FreeRTOS_heap_size = 0x6000
                0x00000100                _Minimum_Stack_Size = 0x100
                0x200008a0                PROVIDE (_Heap_Begin, _end_noinit)
                0x1000ff00                PROVIDE (_Heap_Limit, (__stack - _Minimum_Stack_Size))
                0x00002000                _Privileged_Functions_Region_Size = 0x2000
                0x08000000                __FLASH_segment_start__ = ORIGIN (FLASH)
                0x08100000                __FLASH_segment_end__ = (__FLASH_segment_start__ + 0x100000)
                0x08000000                __privileged_functions_start__ = ORIGIN (FLASH)
                0x08002000                __privileged_functions_end__ = (__privileged_functions_start__ + _Privileged_Functions_Region_Size)
                0x20000000                __SRAM_segment_start__ = ORIGIN (RAM)
                0x20020000                __SRAM_segment_end__ = (__SRAM_segment_start__ + 0x20000)
                0x10000000                __CCRAM_segment_start__ = ORIGIN (CCMRAM)
                0x10010000                __CCRAM_segment_end__ = (__CCRAM_segment_start__ + 0x10000)
                0x00000400                _Common_Data_Region_Size = 0x400
                0x00000100                _Privileged_Data_Region_Size = 0x100

privileged_functions
                0x08000000     0x4000
 FILL mask 0xff
                0x08000000                __privileged_functions_start__ = .
                0x08000000                __vectors_start = ABSOLUTE (.)
                0x08000000                __vectors_start__ = ABSOLUTE (.)
 *(.isr_vector)
 .isr_vector    0x08000000      0x188 ./system/src/cmsis/vectors_stm32f4xx.o
                0x08000000                __isr_vectors
 *(.cfmconfig)
 *(.after_vectors .after_vectors.*)
 .after_vectors
                0x08000188      0x1c4 ./system/src/newlib/_startup.o
                0x08000188                _start
 .after_vectors
                0x0800034c      0x190 ./system/src/cortexm/exception_handlers.o
                0x0800034c                Reset_Handler
                0x08000354                NMI_Handler
                0x0800035c                HardFault_Handler
                0x08000370                HardFault_Handler_C
                0x080003e4                MemManage_Handler
                0x08000414                BusFault_Handler
                0x08000428                BusFault_Handler_C
                0x0800046c                UsageFault_Handler
                0x08000480                UsageFault_Handler_C
                0x080004c8                DebugMon_Handler
 .after_vectors
                0x080004dc        0x8 ./system/src/cmsis/vectors_stm32f4xx.o
                0x080004dc                RTC_Alarm_IRQHandler
                0x080004dc                HASH_RNG_IRQHandler
                0x080004dc                EXTI2_IRQHandler
                0x080004dc                TIM8_CC_IRQHandler
                0x080004dc                TIM1_CC_IRQHandler
                0x080004dc                DMA2_Stream5_IRQHandler
                0x080004dc                DMA1_Stream5_IRQHandler
                0x080004dc                PVD_IRQHandler
                0x080004dc                SDIO_IRQHandler
                0x080004dc                TAMP_STAMP_IRQHandler
                0x080004dc                CAN2_RX1_IRQHandler
                0x080004dc                EXTI3_IRQHandler
                0x080004dc                TIM8_TRG_COM_TIM14_IRQHandler
                0x080004dc                TIM1_UP_TIM10_IRQHandler
                0x080004dc                TIM8_UP_TIM13_IRQHandler
                0x080004dc                I2C3_ER_IRQHandler
                0x080004dc                I2C2_EV_IRQHandler
                0x080004dc                DMA1_Stream2_IRQHandler
                0x080004dc                CAN1_RX0_IRQHandler
                0x080004dc                FPU_IRQHandler
                0x080004dc                OTG_HS_WKUP_IRQHandler
                0x080004dc                CAN2_SCE_IRQHandler
                0x080004dc                DMA2_Stream2_IRQHandler
                0x080004dc                SPI1_IRQHandler
                0x080004dc                TIM6_DAC_IRQHandler
                0x080004dc                TIM1_BRK_TIM9_IRQHandler
                0x080004dc                DCMI_IRQHandler
                0x080004dc                CAN2_RX0_IRQHandler
                0x080004dc                DMA2_Stream3_IRQHandler
                0x080004dc                USART6_IRQHandler
                0x080004dc                CAN1_RX1_IRQHandler
                0x080004dc                UART5_IRQHandler
                0x080004dc                DMA2_Stream0_IRQHandler
                0x080004dc                TIM4_IRQHandler
                0x080004dc                I2C1_EV_IRQHandler
                0x080004dc                DMA1_Stream6_IRQHandler
                0x080004dc                DMA1_Stream1_IRQHandler
                0x080004dc                UART4_IRQHandler
                0x080004dc                TIM3_IRQHandler
                0x080004dc                RCC_IRQHandler
                0x080004dc                TIM8_BRK_TIM12_IRQHandler
                0x080004dc                Default_Handler
                0x080004dc                DMA1_Stream7_IRQHandler
                0x080004dc                TIM7_IRQHandler
                0x080004dc                CAN2_TX_IRQHandler
                0x080004dc                TIM5_IRQHandler
                0x080004dc                DMA2_Stream7_IRQHandler
                0x080004dc                I2C3_EV_IRQHandler
                0x080004dc                EXTI9_5_IRQHandler
                0x080004dc                RTC_WKUP_IRQHandler
                0x080004dc                ETH_WKUP_IRQHandler
                0x080004dc                SPI2_IRQHandler
                0x080004dc                OTG_HS_EP1_IN_IRQHandler
                0x080004dc                DMA1_Stream0_IRQHandler
                0x080004dc                CAN1_TX_IRQHandler
                0x080004dc                EXTI4_IRQHandler
                0x080004dc                FSMC_IRQHandler
                0x080004dc                ETH_IRQHandler
                0x080004dc                OTG_HS_EP1_OUT_IRQHandler
                0x080004dc                WWDG_IRQHandler
                0x080004dc                TIM2_IRQHandler
                0x080004dc                OTG_FS_WKUP_IRQHandler
                0x080004dc                TIM1_TRG_COM_TIM11_IRQHandler
                0x080004dc                OTG_HS_IRQHandler
                0x080004dc                EXTI1_IRQHandler
                0x080004dc                USART2_IRQHandler
                0x080004dc                I2C2_ER_IRQHandler
                0x080004dc                DMA2_Stream1_IRQHandler
                0x080004dc                CAN1_SCE_IRQHandler
                0x080004dc                FLASH_IRQHandler
                0x080004dc                DMA2_Stream4_IRQHandler
                0x080004dc                USART1_IRQHandler
                0x080004dc                OTG_FS_IRQHandler
                0x080004dc                SPI3_IRQHandler
                0x080004dc                DMA1_Stream4_IRQHandler
                0x080004dc                I2C1_ER_IRQHandler
                0x080004dc                DMA2_Stream6_IRQHandler
                0x080004dc                DMA1_Stream3_IRQHandler
 *(privileged_functions)
 privileged_functions
                0x080004e4      0xbc4 ./FreeRTOS/source/queue.o
                0x080004e4                xQueueGenericReset
                0x08000598                xQueueGenericCreate
                0x08000620                xQueueCreateMutex
                0x0800069c                xQueueGiveMutexRecursive
                0x080006f0                xQueueTakeMutexRecursive
                0x0800074c                xQueueCreateCountingSemaphore
                0x08000794                xQueueGenericSend
                0x08000904                xQueueGenericSendFromISR
                0x080009bc                xQueueGiveFromISR
                0x08000a68                xQueueGenericReceive
                0x08000c14                xQueueReceiveFromISR
                0x08000cb8                xQueuePeekFromISR
                0x08000d2c                uxQueueMessagesWaiting
                0x08000d54                uxQueueSpacesAvailable
                0x08000d88                uxQueueMessagesWaitingFromISR
                0x08000dac                vQueueDelete
                0x08000fb8                xQueueIsQueueEmptyFromISR
                0x08001018                xQueueIsQueueFullFromISR
                0x0800104c                vQueueWaitForMessageRestricted
 privileged_functions
                0x080010a8     0x1b74 ./FreeRTOS/source/tasks.o
                0x080010a8                xTaskGenericCreate
                0x0800125c                vTaskDelete
                0x08001348                vTaskDelayUntil
                0x08001428                vTaskDelay
                0x080014b0                uxTaskPriorityGet
                0x080014e4                uxTaskPriorityGetFromISR
                0x08001528                vTaskPrioritySet
                0x0800166c                vTaskSuspend
                0x080017c4                vTaskResume
                0x08001864                xTaskResumeFromISR
                0x08001920                vTaskStartScheduler
                0x0800199c                vTaskEndScheduler
                0x080019b8                vTaskSuspendAll
                0x080019d4                xTaskResumeAll
                0x08001ae4                xTaskGetTickCount
                0x08001b04                xTaskGetTickCountFromISR
                0x08001b28                uxTaskGetNumberOfTasks
                0x08001b40                xTaskIncrementTick
                0x08001cac                vTaskSwitchContext
                0x08001d98                vTaskPlaceOnEventList
                0x08001e20                vTaskPlaceOnUnorderedEventList
                0x08001ec4                vTaskPlaceOnEventListRestricted
                0x08001f4c                xTaskRemoveFromEventList
                0x08002000                xTaskRemoveFromUnorderedEventList
                0x080020ac                vTaskSetTimeOutState
                0x080020e0                xTaskCheckForTimeOut
                0x08002178                vTaskMissedYield
                0x08002248                vTaskAllocateMPURegions
                0x08002470                xTaskGetCurrentTaskHandle
                0x08002490                xTaskGetSchedulerState
                0x080024cc                vTaskPriorityInherit
                0x080025bc                xTaskPriorityDisinherit
                0x080026a4                uxTaskResetEventItemValue
                0x080026d4                pvTaskIncrementMutexHeldCount
                0x080026fc                ulTaskNotifyTake
                0x080027dc                xTaskNotifyWait
                0x080028e0                xTaskGenericNotify
                0x080029fc                xTaskGenericNotifyFromISR
                0x08002b40                vTaskNotifyGiveFromISR
 privileged_functions
                0x08002c1c      0x63c ./FreeRTOS/source/timers.o
                0x08002c1c                xTimerCreateTimerTask
                0x08002c74                xTimerCreate
                0x08002cdc                xTimerGenericCommand
                0x08002d70                pcTimerGetTimerName
                0x080031c8                xTimerIsTimerActive
                0x08003200                pvTimerGetTimerID
                0x0800322c                vTimerSetTimerID
 privileged_functions
                0x08003258       0x84 ./FreeRTOS/MemoryManager/heap_tlsf.o
                0x08003258                pvPortMalloc
                0x08003284                pvPortMallocAlignedMemory
                0x080032b4                vPortFree
 privileged_functions
                0x080032dc      0x534 ./FreeRTOS/ARM_CM3_MPU/port.o
                0x080032dc                pxPortInitialiseStack
                0x0800335c                SVC_Handler
                0x08003424                xPortStartScheduler
                0x08003464                vPortEndScheduler
                0x08003480                PendSV_Handler
                0x080034f8                SysTick_Handler
                0x0800368c                vPortStoreTaskMPUSettings
                0x08004000                . = ALIGN (_Privileged_Functions_Region_Size)
 *fill*         0x08003810      0x7f0 ff
                0x08004000                __privileged_functions_end__ = .

.inits          0x08004000       0x28
                0x08004000                __data_regions_array_start = .
                0x08004000        0x4 LONG 0x800be1c LOADADDR (.data)
                0x08004004        0x4 LONG 0x20000000 ADDR (.data)
                0x08004008        0x4 LONG 0x2000007c (ADDR (.data) + SIZEOF (.data))
                0x0800400c        0x4 LONG 0x800be1c LOADADDR (.data_CCMRAM)
                0x08004010        0x4 LONG 0x10000000 ADDR (.data_CCMRAM)
                0x08004014        0x4 LONG 0x10000000 (ADDR (.data_CCMRAM) + SIZEOF (.data_CCMRAM))
                0x08004018                __data_regions_array_end = .
                0x08004018                __bss_regions_array_start = .
                0x08004018        0x4 LONG 0x20000080 ADDR (.bss)
                0x0800401c        0x4 LONG 0x200008a0 (ADDR (.bss) + SIZEOF (.bss))
                0x08004020        0x4 LONG 0x10000000 ADDR (.bss_CCMRAM)
                0x08004024        0x4 LONG 0x10000000 (ADDR (.bss_CCMRAM) + SIZEOF (.bss_CCMRAM))
                0x08004028                __bss_regions_array_end = .
 *(.init)
 *(.fini)
                0x08004028                . = ALIGN (0x4)
                0x08004028                PROVIDE (__preinit_array_start, .)
 *(.preinit_array_sysinit .preinit_array_sysinit.*)
 *(.preinit_array_platform .preinit_array_platform.*)
 *(.preinit_array .preinit_array.*)
                0x08004028                PROVIDE (__preinit_array_end, .)
                0x08004028                . = ALIGN (0x4)
                0x08004028                PROVIDE (__init_array_start, .)
 *(SORT(.init_array.*))
 *(.init_array)
                0x08004028                PROVIDE (__init_array_end, .)
                0x08004028                . = ALIGN (0x4)
                0x08004028                PROVIDE (__fini_array_start, .)
 *(SORT(.fini_array.*))
 *(.fini_array)
                0x08004028                PROVIDE (__fini_array_end, .)

.flashtext
 *(.flashtext .flashtext.*)

.text           0x08004028     0x7df1
 *(.text .text.*)
 .text.HAL_Init
                0x08004028       0x3c ./system/src/stm32f4-hal/stm32f4xx_hal.o
                0x08004028                HAL_Init
 .text.HAL_MspInit
                0x08004064        0xc ./system/src/stm32f4-hal/stm32f4xx_hal.o
                0x08004064                HAL_MspInit
 .text.HAL_ADC_Init
                0x08004070      0x2a4 ./system/src/stm32f4-hal/stm32f4xx_hal_adc.o
                0x08004070                HAL_ADC_Init
 .text.HAL_ADC_MspInit
                0x08004314       0x14 ./system/src/stm32f4-hal/stm32f4xx_hal_adc.o
                0x08004314                HAL_ADC_MspInit
 .text.HAL_ADC_Start_IT
                0x08004328      0x16c ./system/src/stm32f4-hal/stm32f4xx_hal_adc.o
                0x08004328                HAL_ADC_Start_IT
 .text.HAL_ADC_ConfigChannel
                0x08004494      0x2bc ./system/src/stm32f4-hal/stm32f4xx_hal_adc.o
                0x08004494                HAL_ADC_ConfigChannel
 .text.ADC_Init
                0x08004750      0x21c ./system/src/stm32f4-hal/stm32f4xx_hal_adc.o
 .text.NVIC_SetPriorityGrouping
                0x0800496c       0x48 ./system/src/stm32f4-hal/stm32f4xx_hal_cortex.o
 .text.NVIC_GetPriorityGrouping
                0x080049b4       0x1c ./system/src/stm32f4-hal/stm32f4xx_hal_cortex.o
 .text.NVIC_EnableIRQ
                0x080049d0       0x30 ./system/src/stm32f4-hal/stm32f4xx_hal_cortex.o
 .text.NVIC_DisableIRQ
                0x08004a00       0x34 ./system/src/stm32f4-hal/stm32f4xx_hal_cortex.o
 .text.NVIC_SetPriority
                0x08004a34       0x54 ./system/src/stm32f4-hal/stm32f4xx_hal_cortex.o
 .text.NVIC_EncodePriority
                0x08004a88       0x64 ./system/src/stm32f4-hal/stm32f4xx_hal_cortex.o
 .text.HAL_NVIC_SetPriorityGrouping
                0x08004aec       0x40 ./system/src/stm32f4-hal/stm32f4xx_hal_cortex.o
                0x08004aec                HAL_NVIC_SetPriorityGrouping
 .text.HAL_NVIC_SetPriority
                0x08004b2c       0x58 ./system/src/stm32f4-hal/stm32f4xx_hal_cortex.o
                0x08004b2c                HAL_NVIC_SetPriority
 .text.HAL_NVIC_EnableIRQ
                0x08004b84       0x30 ./system/src/stm32f4-hal/stm32f4xx_hal_cortex.o
                0x08004b84                HAL_NVIC_EnableIRQ
 .text.HAL_NVIC_DisableIRQ
                0x08004bb4       0x30 ./system/src/stm32f4-hal/stm32f4xx_hal_cortex.o
                0x08004bb4                HAL_NVIC_DisableIRQ
 .text.HAL_GPIO_Init
                0x08004be4      0x5cc ./system/src/stm32f4-hal/stm32f4xx_hal_gpio.o
                0x08004be4                HAL_GPIO_Init
 .text.HAL_GPIO_WritePin
                0x080051b0       0x58 ./system/src/stm32f4-hal/stm32f4xx_hal_gpio.o
                0x080051b0                HAL_GPIO_WritePin
 .text.HAL_GPIO_TogglePin
                0x08005208       0x34 ./system/src/stm32f4-hal/stm32f4xx_hal_gpio.o
                0x08005208                HAL_GPIO_TogglePin
 .text.HAL_RCC_GetSysClockFreq
                0x0800523c       0xfc ./system/src/stm32f4-hal/stm32f4xx_hal_rcc.o
                0x0800523c                HAL_RCC_GetSysClockFreq
 .text.HAL_RCC_GetHCLKFreq
                0x08005338       0x50 ./system/src/stm32f4-hal/stm32f4xx_hal_rcc.o
                0x08005338                HAL_RCC_GetHCLKFreq
 .text.HAL_RCC_GetPCLK1Freq
                0x08005388       0x44 ./system/src/stm32f4-hal/stm32f4xx_hal_rcc.o
                0x08005388                HAL_RCC_GetPCLK1Freq
 .text.HAL_RCC_GetPCLK2Freq
                0x080053cc       0x44 ./system/src/stm32f4-hal/stm32f4xx_hal_rcc.o
                0x080053cc                HAL_RCC_GetPCLK2Freq
 .text.HAL_SRAM_Init
                0x08005410       0x8c ./system/src/stm32f4-hal/stm32f4xx_hal_sram.o
                0x08005410                HAL_SRAM_Init
 .text.HAL_SRAM_MspInit
                0x0800549c       0x14 ./system/src/stm32f4-hal/stm32f4xx_hal_sram.o
                0x0800549c                HAL_SRAM_MspInit
 .text.HAL_UART_Init
                0x080054b0      0x194 ./system/src/stm32f4-hal/stm32f4xx_hal_uart.o
                0x080054b0                HAL_UART_Init
 .text.HAL_UART_MspInit
                0x08005644       0x14 ./system/src/stm32f4-hal/stm32f4xx_hal_uart.o
                0x08005644                HAL_UART_MspInit
 .text.HAL_UART_Transmit_IT
                0x08005658       0xd0 ./system/src/stm32f4-hal/stm32f4xx_hal_uart.o
                0x08005658                HAL_UART_Transmit_IT
 .text.HAL_UART_Receive_IT
                0x08005728       0xd0 ./system/src/stm32f4-hal/stm32f4xx_hal_uart.o
                0x08005728                HAL_UART_Receive_IT
 .text.HAL_UART_IRQHandler
                0x080057f8      0x1f8 ./system/src/stm32f4-hal/stm32f4xx_hal_uart.o
                0x080057f8                HAL_UART_IRQHandler
 .text.HAL_UART_TxCpltCallback
                0x080059f0       0x14 ./system/src/stm32f4-hal/stm32f4xx_hal_uart.o
                0x080059f0                HAL_UART_TxCpltCallback
 .text.UART_Transmit_IT
                0x08005a04       0xb8 ./system/src/stm32f4-hal/stm32f4xx_hal_uart.o
 .text.UART_EndTransmit_IT
                0x08005abc       0x68 ./system/src/stm32f4-hal/stm32f4xx_hal_uart.o
 .text.UART_Receive_IT
                0x08005b24       0x40 ./system/src/stm32f4-hal/stm32f4xx_hal_uart.o
 .text.UART_SetConfig
                0x08005b64      0x358 ./system/src/stm32f4-hal/stm32f4xx_hal_uart.o
 .text.FSMC_NORSRAM_Init
                0x08005ebc      0x208 ./system/src/stm32f4-hal/stm32f4xx_ll_fsmc.o
                0x08005ebc                FSMC_NORSRAM_Init
 .text.FSMC_NORSRAM_Timing_Init
                0x080060c4      0x128 ./system/src/stm32f4-hal/stm32f4xx_ll_fsmc.o
                0x080060c4                FSMC_NORSRAM_Timing_Init
 .text.FSMC_NORSRAM_Extended_Timing_Init
                0x080061ec      0x14c ./system/src/stm32f4-hal/stm32f4xx_ll_fsmc.o
                0x080061ec                FSMC_NORSRAM_Extended_Timing_Init
 .text._exit    0x08006338        0xc ./system/src/newlib/_exit.o
                0x08006338                _exit
 .text.abort    0x08006344       0x14 ./system/src/newlib/_exit.o
                0x08006344                abort
 .text._sbrk    0x08006358       0x68 ./system/src/newlib/_sbrk.o
                0x08006358                _sbrk
 .text.__initialize_args
                0x080063c0       0x28 ./system/src/newlib/_syscalls.o
                0x080063c0                __initialize_args
 .text.assert_failed
                0x080063e8       0x1c ./system/src/newlib/assert.o
                0x080063e8                assert_failed
 .text.trace_printf
                0x08006404       0x44 ./system/src/diag/Trace.o
                0x08006404                trace_printf
 .text.trace_puts
                0x08006448       0x30 ./system/src/diag/Trace.o
                0x08006448                trace_puts
 .text.trace_write
                0x08006478       0x1c ./system/src/diag/trace_impl.o
                0x08006478                trace_write
 .text._trace_write_semihosting_debug
                0x08006494       0xa4 ./system/src/diag/trace_impl.o
 .text.__initialize_hardware_early
                0x08006538       0x20 ./system/src/cortexm/_initialize_hardware.o
                0x08006538                __initialize_hardware_early
 .text.__initialize_hardware
                0x08006558        0xc ./system/src/cortexm/_initialize_hardware.o
                0x08006558                __initialize_hardware
 .text.dumpExceptionStack
                0x08006564      0x12c ./system/src/cortexm/exception_handlers.o
                0x08006564                dumpExceptionStack
 .text.isSemihosting
                0x08006690       0x54 ./system/src/cortexm/exception_handlers.o
                0x08006690                isSemihosting
 .text.print_MPU_dump
                0x080066e4       0x24 ./system/src/cortexm/exception_handlers.o
                0x080066e4                print_MPU_dump
 .text.vApplicationStackOverflowHook
                0x08006708        0x8 ./system/src/cortexm/exception_handlers.o
                0x08006708                vApplicationStackOverflowHook
 .text.SetSysClock
                0x08006710       0xf8 ./system/src/cmsis/system_stm32f4xx.o
 .text.SystemInit
                0x08006808       0x84 ./system/src/cmsis/system_stm32f4xx.o
                0x08006808                SystemInit
 .text.SystemCoreClockUpdate
                0x0800688c       0xf8 ./system/src/cmsis/system_stm32f4xx.o
                0x0800688c                SystemCoreClockUpdate
 .text.ili9325_Init
                0x08006984      0x1ec ./system/STM324xG_EVAL/ili9325.o
                0x08006984                ili9325_Init
 .text.ili9325_DisplayOn
                0x08006b70       0x60 ./system/STM324xG_EVAL/ili9325.o
                0x08006b70                ili9325_DisplayOn
 .text.ili9325_DisplayOff
                0x08006bd0       0x38 ./system/STM324xG_EVAL/ili9325.o
                0x08006bd0                ili9325_DisplayOff
 .text.ili9325_GetLcdPixelWidth
                0x08006c08       0x14 ./system/STM324xG_EVAL/ili9325.o
                0x08006c08                ili9325_GetLcdPixelWidth
 .text.ili9325_GetLcdPixelHeight
                0x08006c1c       0x10 ./system/STM324xG_EVAL/ili9325.o
                0x08006c1c                ili9325_GetLcdPixelHeight
 .text.ili9325_ReadID
                0x08006c2c       0x14 ./system/STM324xG_EVAL/ili9325.o
                0x08006c2c                ili9325_ReadID
 .text.ili9325_SetCursor
                0x08006c40       0x34 ./system/STM324xG_EVAL/ili9325.o
                0x08006c40                ili9325_SetCursor
 .text.ili9325_WritePixel
                0x08006c74       0x34 ./system/STM324xG_EVAL/ili9325.o
                0x08006c74                ili9325_WritePixel
 .text.ili9325_ReadPixel
                0x08006ca8       0x34 ./system/STM324xG_EVAL/ili9325.o
                0x08006ca8                ili9325_ReadPixel
 .text.ili9325_WriteReg
                0x08006cdc       0x28 ./system/STM324xG_EVAL/ili9325.o
                0x08006cdc                ili9325_WriteReg
 .text.ili9325_ReadReg
                0x08006d04       0x20 ./system/STM324xG_EVAL/ili9325.o
                0x08006d04                ili9325_ReadReg
 .text.ili9325_SetDisplayWindow
                0x08006d24       0x70 ./system/STM324xG_EVAL/ili9325.o
                0x08006d24                ili9325_SetDisplayWindow
 .text.ili9325_DrawHLine
                0x08006d94       0x58 ./system/STM324xG_EVAL/ili9325.o
                0x08006d94                ili9325_DrawHLine
 .text.ili9325_DrawVLine
                0x08006dec       0x6c ./system/STM324xG_EVAL/ili9325.o
                0x08006dec                ili9325_DrawVLine
 .text.ili9325_DrawBitmap
                0x08006e58       0xb4 ./system/STM324xG_EVAL/ili9325.o
                0x08006e58                ili9325_DrawBitmap
 .text.ili9325_DrawRGBImage
                0x08006f0c       0x70 ./system/STM324xG_EVAL/ili9325.o
                0x08006f0c                ili9325_DrawRGBImage
 .text.NVIC_ClearPendingIRQ
                0x08006f7c       0x34 ./system/STM324xG_EVAL/stm324xg_eval.o
 .text.BSP_LED_Init
                0x08006fb0       0xc4 ./system/STM324xG_EVAL/stm324xg_eval.o
                0x08006fb0                BSP_LED_Init
 .text.BSP_LED_On
                0x08007074       0x34 ./system/STM324xG_EVAL/stm324xg_eval.o
                0x08007074                BSP_LED_On
 .text.BSP_LED_Off
                0x080070a8       0x34 ./system/STM324xG_EVAL/stm324xg_eval.o
                0x080070a8                BSP_LED_Off
 .text.BSP_LED_Toggle
                0x080070dc       0x30 ./system/STM324xG_EVAL/stm324xg_eval.o
                0x080070dc                BSP_LED_Toggle
 .text.BSP_PB_Init
                0x0800710c      0x154 ./system/STM324xG_EVAL/stm324xg_eval.o
                0x0800710c                BSP_PB_Init
 .text.FSMC_BANK3_MspInit
                0x08007260       0xf0 ./system/STM324xG_EVAL/stm324xg_eval.o
 .text.FSMC_BANK3_Init
                0x08007350       0x84 ./system/STM324xG_EVAL/stm324xg_eval.o
 .text.FSMC_BANK3_WriteData
                0x080073d4       0x1c ./system/STM324xG_EVAL/stm324xg_eval.o
 .text.FSMC_BANK3_WriteReg
                0x080073f0       0x20 ./system/STM324xG_EVAL/stm324xg_eval.o
 .text.FSMC_BANK3_ReadData
                0x08007410       0x18 ./system/STM324xG_EVAL/stm324xg_eval.o
 .text.LCD_IO_Init
                0x08007428       0x1c ./system/STM324xG_EVAL/stm324xg_eval.o
                0x08007428                LCD_IO_Init
 .text.LCD_IO_WriteData
                0x08007444       0x18 ./system/STM324xG_EVAL/stm324xg_eval.o
                0x08007444                LCD_IO_WriteData
 .text.LCD_IO_WriteReg
                0x0800745c       0x18 ./system/STM324xG_EVAL/stm324xg_eval.o
                0x0800745c                LCD_IO_WriteReg
 .text.LCD_IO_ReadData
                0x08007474       0x10 ./system/STM324xG_EVAL/stm324xg_eval.o
                0x08007474                LCD_IO_ReadData
 .text.BSP_LCD_Init
                0x08007484       0x64 ./system/STM324xG_EVAL/stm324xg_eval_lcd.o
                0x08007484                BSP_LCD_Init
 .text.BSP_LCD_GetXSize
                0x080074e8       0x18 ./system/STM324xG_EVAL/stm324xg_eval_lcd.o
                0x080074e8                BSP_LCD_GetXSize
 .text.BSP_LCD_GetYSize
                0x08007500       0x18 ./system/STM324xG_EVAL/stm324xg_eval_lcd.o
                0x08007500                BSP_LCD_GetYSize
 .text.BSP_LCD_SetTextColor
                0x08007518       0x20 ./system/STM324xG_EVAL/stm324xg_eval_lcd.o
                0x08007518                BSP_LCD_SetTextColor
 .text.BSP_LCD_SetBackColor
                0x08007538       0x20 ./system/STM324xG_EVAL/stm324xg_eval_lcd.o
                0x08007538                BSP_LCD_SetBackColor
 .text.BSP_LCD_SetFont
                0x08007558       0x1c ./system/STM324xG_EVAL/stm324xg_eval_lcd.o
                0x08007558                BSP_LCD_SetFont
 .text.BSP_LCD_GetFont
                0x08007574       0x18 ./system/STM324xG_EVAL/stm324xg_eval_lcd.o
                0x08007574                BSP_LCD_GetFont
 .text.BSP_LCD_Clear
                0x0800758c       0x64 ./system/STM324xG_EVAL/stm324xg_eval_lcd.o
                0x0800758c                BSP_LCD_Clear
 .text.BSP_LCD_DisplayChar
                0x080075f0       0x54 ./system/STM324xG_EVAL/stm324xg_eval_lcd.o
                0x080075f0                BSP_LCD_DisplayChar
 .text.BSP_LCD_DisplayStringAt
                0x08007644      0x114 ./system/STM324xG_EVAL/stm324xg_eval_lcd.o
                0x08007644                BSP_LCD_DisplayStringAt
 .text.BSP_LCD_DisplayStringAtLine
                0x08007758       0x30 ./system/STM324xG_EVAL/stm324xg_eval_lcd.o
                0x08007758                BSP_LCD_DisplayStringAtLine
 .text.BSP_LCD_DrawPixel
                0x08007788       0x34 ./system/STM324xG_EVAL/stm324xg_eval_lcd.o
                0x08007788                BSP_LCD_DrawPixel
 .text.BSP_LCD_DrawHLine
                0x080077bc       0x74 ./system/STM324xG_EVAL/stm324xg_eval_lcd.o
                0x080077bc                BSP_LCD_DrawHLine
 .text.BSP_LCD_DrawFullRect
                0x08007830       0x44 ./system/STM324xG_EVAL/stm324xg_eval_lcd.o
                0x08007830                BSP_LCD_DrawFullRect
 .text.DrawChar
                0x08007874      0x138 ./system/STM324xG_EVAL/stm324xg_eval_lcd.o
 .text._ZN6task_tC2E16xTASK_PARAMETERS
                0x080079ac       0x6c ./src/adc.o
                0x080079ac                task_t::task_t(xTASK_PARAMETERS)
                0x080079ac                task_t::task_t(xTASK_PARAMETERS)
 .text._ZN3adcC2Ev
                0x08007a18      0x12c ./src/adc.o
                0x08007a18                adc::adc()
                0x08007a18                adc::adc()
 .text._Z8adc_taskPv
                0x08007b44       0xec ./src/adc.o
                0x08007b44                adc_task(void*)
 .text.ADC_IRQHandler
                0x08007c30       0x2c ./src/adc.o
                0x08007c30                ADC_IRQHandler
 .text._Z14start_adc_taskh
                0x08007c5c       0x60 ./src/adc.o
                0x08007c5c                start_adc_task(unsigned char)
 .text._Z8LCD_initv
                0x08007cbc       0x20 ./src/bargraph.o
                0x08007cbc                LCD_init()
 .text._Z14lcd_write_linejPc
                0x08007cdc       0x2c ./src/bargraph.o
                0x08007cdc                lcd_write_line(unsigned int, char*)
 .text._Z13bargraph_taskPv
                0x08007d08      0x120 ./src/bargraph.o
                0x08007d08                bargraph_task(void*)
 .text._Z19start_bargraph_taskh
                0x08007e28       0x60 ./src/bargraph.o
                0x08007e28                start_bargraph_task(unsigned char)
 .text._ZNK6task_t10get_handleEv
                0x08007e88       0x18 ./src/button.o
                0x08007e88                task_t::get_handle() const
 .text.EXTI15_10_IRQHandler
                0x08007ea0       0xa8 ./src/button.o
                0x08007ea0                EXTI15_10_IRQHandler
 .text.EXTI0_IRQHandler
                0x08007f48       0x54 ./src/button.o
                0x08007f48                EXTI0_IRQHandler
 .text._Z18de_bounce_callbackPv
                0x08007f9c       0x34 ./src/button.o
                0x08007f9c                de_bounce_callback(void*)
 .text._Z15pushbutton_taskPv
                0x08007fd0       0x9c ./src/button.o
                0x08007fd0                pushbutton_task(void*)
 .text._Z17start_button_taskh
                0x0800806c       0x74 ./src/button.o
                0x0800806c                start_button_task(unsigned char)
 .text._Z11led_blinkerPv
                0x080080e0       0x40 ./src/led_blinker.o
                0x080080e0                led_blinker(void*)
 .text._Z14start_led_taskh
                0x08008120       0x60 ./src/led_blinker.o
                0x08008120                start_led_task(unsigned char)
 .text.main     0x08008180       0x44 ./src/main.o
                0x08008180                main
 .text._Z11init_systemv
                0x080081c4       0x44 ./src/system_support.o
                0x080081c4                init_system()
 .text.vApplicationReturnFromTaskProcedureHook
                0x08008208        0x8 ./src/system_support.o
                0x08008208                vApplicationReturnFromTaskProcedureHook
 .text._ZN4uartC2Ev
                0x08008210      0x118 ./src/uart.o
                0x08008210                uart::uart()
                0x08008210                uart::uart()
 .text._ZN4uart4putsEPKc
                0x08008328       0x28 ./src/uart.o
                0x08008328                uart::puts(char const*)
 .text._ZN4uart16wait_4_characterEv
                0x08008350       0x24 ./src/uart.o
                0x08008350                uart::wait_4_character()
 .text._ZN4uart7receiveEv
                0x08008374       0x28 ./src/uart.o
                0x08008374                uart::receive()
 .text.HAL_UART_ErrorCallback
                0x0800839c       0x14 ./src/uart.o
                0x0800839c                HAL_UART_ErrorCallback
 .text.deliver_RX_character
                0x080083b0       0x20 ./src/uart.o
                0x080083b0                deliver_RX_character
 .text.USART3_IRQHandler
                0x080083d0       0x10 ./src/uart.o
                0x080083d0                USART3_IRQHandler
 .text._Z9uart_taskPv
                0x080083e0       0x60 ./src/uart_task.o
                0x080083e0                uart_task(void*)
 .text._Z15start_uart_taskh
                0x08008440       0x60 ./src/uart_task.o
                0x08008440                start_uart_task(unsigned char)
 .text.vListInitialise
                0x080084a0       0x40 ./FreeRTOS/source/list.o
                0x080084a0                vListInitialise
 .text.vListInitialiseItem
                0x080084e0       0x18 ./FreeRTOS/source/list.o
                0x080084e0                vListInitialiseItem
 .text.vListInsertEnd
                0x080084f8       0x48 ./FreeRTOS/source/list.o
                0x080084f8                vListInsertEnd
 .text.vListInsert
                0x08008540       0x70 ./FreeRTOS/source/list.o
                0x08008540                vListInsert
 .text.uxListRemove
                0x080085b0       0x54 ./FreeRTOS/source/list.o
                0x080085b0                uxListRemove
 .text.prvIdleTask
                0x08008604       0x10 ./FreeRTOS/source/tasks.o
 .text.prvResetNextTaskUnblockTime
                0x08008614       0x48 ./FreeRTOS/source/tasks.o
 .text.vPortInitMemory
                0x0800865c       0x28 ./FreeRTOS/MemoryManager/heap_tlsf.o
                0x0800865c                vPortInitMemory
 .text.tlsf_ffs
                0x08008684       0x2c ./FreeRTOS/MemoryManager/tlsf.o
 .text.tlsf_fls
                0x080086b0       0x30 ./FreeRTOS/MemoryManager/tlsf.o
 .text.block_size
                0x080086e0       0x24 ./FreeRTOS/MemoryManager/tlsf.o
 .text.block_set_size
                0x08008704       0x2c ./FreeRTOS/MemoryManager/tlsf.o
 .text.block_is_last
                0x08008730       0x24 ./FreeRTOS/MemoryManager/tlsf.o
 .text.block_is_free
                0x08008754       0x1c ./FreeRTOS/MemoryManager/tlsf.o
 .text.block_set_free
                0x08008770       0x20 ./FreeRTOS/MemoryManager/tlsf.o
 .text.block_set_used
                0x08008790       0x20 ./FreeRTOS/MemoryManager/tlsf.o
 .text.block_is_prev_free
                0x080087b0       0x1c ./FreeRTOS/MemoryManager/tlsf.o
 .text.block_set_prev_free
                0x080087cc       0x20 ./FreeRTOS/MemoryManager/tlsf.o
 .text.block_set_prev_used
                0x080087ec       0x20 ./FreeRTOS/MemoryManager/tlsf.o
 .text.block_from_ptr
                0x0800880c       0x1c ./FreeRTOS/MemoryManager/tlsf.o
 .text.block_to_ptr
                0x08008828       0x1c ./FreeRTOS/MemoryManager/tlsf.o
 .text.offset_to_block
                0x08008844       0x1c ./FreeRTOS/MemoryManager/tlsf.o
 .text.block_prev
                0x08008860       0x18 ./FreeRTOS/MemoryManager/tlsf.o
 .text.block_next
                0x08008878       0x40 ./FreeRTOS/MemoryManager/tlsf.o
 .text.block_link_next
                0x080088b8       0x20 ./FreeRTOS/MemoryManager/tlsf.o
 .text.block_mark_as_free
                0x080088d8       0x24 ./FreeRTOS/MemoryManager/tlsf.o
 .text.block_mark_as_used
                0x080088fc       0x24 ./FreeRTOS/MemoryManager/tlsf.o
 .text.align_up
                0x08008920       0x34 ./FreeRTOS/MemoryManager/tlsf.o
 .text.align_down
                0x08008954       0x2c ./FreeRTOS/MemoryManager/tlsf.o
 .text.align_ptr
                0x08008980       0x38 ./FreeRTOS/MemoryManager/tlsf.o
 .text.adjust_request_size
                0x080089b8       0x40 ./FreeRTOS/MemoryManager/tlsf.o
 .text.mapping_insert
                0x080089f8       0x54 ./FreeRTOS/MemoryManager/tlsf.o
 .text.mapping_search
                0x08008a4c       0x40 ./FreeRTOS/MemoryManager/tlsf.o
 .text.search_suitable_block
                0x08008a8c       0xa4 ./FreeRTOS/MemoryManager/tlsf.o
 .text.remove_free_block
                0x08008b30       0xbc ./FreeRTOS/MemoryManager/tlsf.o
 .text.insert_free_block
                0x08008bec       0xbc ./FreeRTOS/MemoryManager/tlsf.o
 .text.block_remove
                0x08008ca8       0x38 ./FreeRTOS/MemoryManager/tlsf.o
 .text.block_insert
                0x08008ce0       0x38 ./FreeRTOS/MemoryManager/tlsf.o
 .text.block_can_split
                0x08008d18       0x28 ./FreeRTOS/MemoryManager/tlsf.o
 .text.block_split
                0x08008d40       0xa8 ./FreeRTOS/MemoryManager/tlsf.o
 .text.block_absorb
                0x08008de8       0x40 ./FreeRTOS/MemoryManager/tlsf.o
 .text.block_merge_prev
                0x08008e28       0x50 ./FreeRTOS/MemoryManager/tlsf.o
 .text.block_merge_next
                0x08008e78       0x50 ./FreeRTOS/MemoryManager/tlsf.o
 .text.block_trim_free
                0x08008ec8       0x4c ./FreeRTOS/MemoryManager/tlsf.o
 .text.block_trim_free_leading
                0x08008f14       0x4c ./FreeRTOS/MemoryManager/tlsf.o
 .text.block_locate_free
                0x08008f60       0x70 ./FreeRTOS/MemoryManager/tlsf.o
 .text.block_prepare_used
                0x08008fd0       0x38 ./FreeRTOS/MemoryManager/tlsf.o
 .text.control_construct
                0x08009008       0x6c ./FreeRTOS/MemoryManager/tlsf.o
 .text.tlsf_size
                0x08009074       0x14 ./FreeRTOS/MemoryManager/tlsf.o
                0x08009074                tlsf_size
 .text.tlsf_pool_overhead
                0x08009088       0x14 ./FreeRTOS/MemoryManager/tlsf.o
                0x08009088                tlsf_pool_overhead
 .text.tlsf_add_pool
                0x0800909c       0x9c ./FreeRTOS/MemoryManager/tlsf.o
                0x0800909c                tlsf_add_pool
 .text.tlsf_create
                0x08009138       0x28 ./FreeRTOS/MemoryManager/tlsf.o
                0x08009138                tlsf_create
 .text.tlsf_create_with_pool
                0x08009160       0x3c ./FreeRTOS/MemoryManager/tlsf.o
                0x08009160                tlsf_create_with_pool
 .text.tlsf_malloc
                0x0800919c       0x38 ./FreeRTOS/MemoryManager/tlsf.o
                0x0800919c                tlsf_malloc
 .text.tlsf_memalign
                0x080091d4       0xe4 ./FreeRTOS/MemoryManager/tlsf.o
                0x080091d4                tlsf_memalign
 .text.tlsf_free
                0x080092b8       0x54 ./FreeRTOS/MemoryManager/tlsf.o
                0x080092b8                tlsf_free
 .text.vPortEnterCritical
                0x0800930c       0x3c ./FreeRTOS/ARM_CM3_MPU/port.o
                0x0800930c                vPortEnterCritical
 .text.vPortExitCritical
                0x08009348       0x4c ./FreeRTOS/ARM_CM3_MPU/port.o
                0x08009348                vPortExitCritical
 .text.prvRaisePrivilege
                0x08009394       0x18 ./FreeRTOS/ARM_CM3_MPU/port.o
                0x08009394                prvRaisePrivilege
 .text.MPU_xTaskGenericCreate
                0x080093ac       0x50 ./FreeRTOS/ARM_CM3_MPU/port.o
                0x080093ac                MPU_xTaskGenericCreate
 .text.MPU_vTaskDelay
                0x080093fc       0x2c ./FreeRTOS/ARM_CM3_MPU/port.o
                0x080093fc                MPU_vTaskDelay
 .text.MPU_xQueueGenericSend
                0x08009428       0x40 ./FreeRTOS/ARM_CM3_MPU/port.o
                0x08009428                MPU_xQueueGenericSend
 .text.MPU_ulTaskNotifyTake
                0x08009468       0x38 ./FreeRTOS/ARM_CM3_MPU/port.o
                0x08009468                MPU_ulTaskNotifyTake
 .text.MPU_xQueueGenericReceive
                0x080094a0       0x40 ./FreeRTOS/ARM_CM3_MPU/port.o
                0x080094a0                MPU_xQueueGenericReceive
 .text.MPU_xQueueCreateMutex
                0x080094e0       0x30 ./FreeRTOS/ARM_CM3_MPU/port.o
                0x080094e0                MPU_xQueueCreateMutex
 .text.MPU_xTimerCreate
                0x08009510       0x44 ./FreeRTOS/ARM_CM3_MPU/port.o
                0x08009510                MPU_xTimerCreate
 .text.__errno  0x08009554        0xc c:/tools/arm/gcc/bin/../lib/gcc/arm-none-eabi/4.9.3/../../../../arm-none-eabi/lib/armv7e-m/fpu\libg_nano.a(lib_a-errno.o)
                0x08009554                __errno
 .text.memcpy   0x08009560       0x16 c:/tools/arm/gcc/bin/../lib/gcc/arm-none-eabi/4.9.3/../../../../arm-none-eabi/lib/armv7e-m/fpu\libg_nano.a(lib_a-memcpy.o)
                0x08009560                memcpy
 .text.memset   0x08009576       0x10 c:/tools/arm/gcc/bin/../lib/gcc/arm-none-eabi/4.9.3/../../../../arm-none-eabi/lib/armv7e-m/fpu\libg_nano.a(lib_a-memset.o)
                0x08009576                memset
 .text.strlen   0x08009586       0x10 c:/tools/arm/gcc/bin/../lib/gcc/arm-none-eabi/4.9.3/../../../../arm-none-eabi/lib/armv7e-m/fpu\libg_nano.a(lib_a-strlen.o)
                0x08009586                strlen
 .text._vsnprintf_r
                0x08009596       0x52 c:/tools/arm/gcc/bin/../lib/gcc/arm-none-eabi/4.9.3/../../../../arm-none-eabi/lib/armv7e-m/fpu\libg_nano.a(lib_a-vsnprintf.o)
                0x08009596                _vsniprintf_r
                0x08009596                _vsnprintf_r
 .text.vsnprintf
                0x080095e8       0x20 c:/tools/arm/gcc/bin/../lib/gcc/arm-none-eabi/4.9.3/../../../../arm-none-eabi/lib/armv7e-m/fpu\libg_nano.a(lib_a-vsnprintf.o)
                0x080095e8                vsniprintf
                0x080095e8                vsnprintf
 .text.__ssputs_r
                0x08009608       0xb2 c:/tools/arm/gcc/bin/../lib/gcc/arm-none-eabi/4.9.3/../../../../arm-none-eabi/lib/armv7e-m/fpu\libg_nano.a(lib_a-nano-svfprintf.o)
                0x08009608                __ssputs_r
 *fill*         0x080096ba        0x2 
 .text._svfprintf_r
                0x080096bc      0x1e4 c:/tools/arm/gcc/bin/../lib/gcc/arm-none-eabi/4.9.3/../../../../arm-none-eabi/lib/armv7e-m/fpu\libg_nano.a(lib_a-nano-svfprintf.o)
                0x080096bc                _svfiprintf_r
                0x080096bc                _svfprintf_r
 .text._printf_common
                0x080098a0       0xea c:/tools/arm/gcc/bin/../lib/gcc/arm-none-eabi/4.9.3/../../../../arm-none-eabi/lib/armv7e-m/fpu\libg_nano.a(lib_a-nano-vfprintf_i.o)
                0x080098a0                _printf_common
 *fill*         0x0800998a        0x2 
 .text._printf_i
                0x0800998c      0x240 c:/tools/arm/gcc/bin/../lib/gcc/arm-none-eabi/4.9.3/../../../../arm-none-eabi/lib/armv7e-m/fpu\libg_nano.a(lib_a-nano-vfprintf_i.o)
                0x0800998c                _printf_i
 .text.memchr   0x08009bcc       0x1e c:/tools/arm/gcc/bin/../lib/gcc/arm-none-eabi/4.9.3/../../../../arm-none-eabi/lib/armv7e-m/fpu\libg_nano.a(lib_a-memchr.o)
                0x08009bcc                memchr
 .text.memmove  0x08009bea       0x36 c:/tools/arm/gcc/bin/../lib/gcc/arm-none-eabi/4.9.3/../../../../arm-none-eabi/lib/armv7e-m/fpu\libg_nano.a(lib_a-memmove.o)
                0x08009bea                memmove
 .text._free_r  0x08009c20       0x88 c:/tools/arm/gcc/bin/../lib/gcc/arm-none-eabi/4.9.3/../../../../arm-none-eabi/lib/armv7e-m/fpu\libg_nano.a(lib_a-nano-freer.o)
                0x08009c20                _free_r
 .text._malloc_r
                0x08009ca8       0xac c:/tools/arm/gcc/bin/../lib/gcc/arm-none-eabi/4.9.3/../../../../arm-none-eabi/lib/armv7e-m/fpu\libg_nano.a(lib_a-nano-mallocr.o)
                0x08009ca8                _malloc_r
 .text._realloc_r
                0x08009d54       0x4c c:/tools/arm/gcc/bin/../lib/gcc/arm-none-eabi/4.9.3/../../../../arm-none-eabi/lib/armv7e-m/fpu\libg_nano.a(lib_a-nano-reallocr.o)
                0x08009d54                _realloc_r
 .text._sbrk_r  0x08009da0       0x20 c:/tools/arm/gcc/bin/../lib/gcc/arm-none-eabi/4.9.3/../../../../arm-none-eabi/lib/armv7e-m/fpu\libg_nano.a(lib_a-sbrkr.o)
                0x08009da0                _sbrk_r
 .text._malloc_usable_size_r
                0x08009dc0       0x14 c:/tools/arm/gcc/bin/../lib/gcc/arm-none-eabi/4.9.3/../../../../arm-none-eabi/lib/armv7e-m/fpu\libg_nano.a(lib_a-nano-msizer.o)
                0x08009dc0                _malloc_usable_size_r
 *(.rodata .rodata.* .constdata .constdata.*)
 .rodata        0x08009dd4       0x2e ./system/src/stm32f4-hal/stm32f4xx_hal_adc.o
 *fill*         0x08009e02        0x2 
 .rodata        0x08009e04       0x31 ./system/src/stm32f4-hal/stm32f4xx_hal_cortex.o
 *fill*         0x08009e35        0x3 
 .rodata        0x08009e38       0x2f ./system/src/stm32f4-hal/stm32f4xx_hal_gpio.o
 *fill*         0x08009e67        0x1 
 .rodata.APBAHBPrescTable
                0x08009e68       0x10 ./system/src/stm32f4-hal/stm32f4xx_hal_rcc.o
                0x08009e68                APBAHBPrescTable
 .rodata        0x08009e78       0x2f ./system/src/stm32f4-hal/stm32f4xx_hal_uart.o
 *fill*         0x08009ea7        0x1 
 .rodata        0x08009ea8       0x2e ./system/src/stm32f4-hal/stm32f4xx_ll_fsmc.o
 *fill*         0x08009ed6        0x2 
 .rodata        0x08009ed8       0x14 ./system/src/newlib/_exit.o
 .rodata        0x08009eec       0x6f ./system/src/newlib/assert.o
 *fill*         0x08009f5b        0x1 
 .rodata        0x08009f5c       0x2d ./system/src/diag/Trace.o
 *fill*         0x08009f89        0x3 
 .rodata        0x08009f8c      0x16e ./system/src/cortexm/exception_handlers.o
 *fill*         0x0800a0fa        0x2 
 .rodata.AHBPrescTable
                0x0800a0fc       0x10 ./system/src/cmsis/system_stm32f4xx.o
                0x0800a0fc                AHBPrescTable
 .rodata        0x0800a10c     0x1ac0 ./system/STM324xG_EVAL/font24.o
                0x0800a10c                Font24_Table
                0x0800bbc4                Font24
 .rodata        0x0800bbcc       0x38 ./system/STM324xG_EVAL/ili9325.o
                0x0800bbcc                ili9325_drv
 .rodata        0x0800bc04       0x4e ./system/STM324xG_EVAL/stm324xg_eval.o
                0x0800bc04                GPIO_PORT
                0x0800bc14                GPIO_PIN
                0x0800bc1c                BUTTON_PORT
                0x0800bc28                BUTTON_PIN
                0x0800bc30                BUTTON_IRQn
                0x0800bc38                COM_USART
                0x0800bc3c                COM_TX_PORT
                0x0800bc40                COM_RX_PORT
                0x0800bc44                COM_TX_PIN
                0x0800bc48                COM_RX_PIN
                0x0800bc4c                COM_TX_AF
                0x0800bc50                COM_RX_AF
 *fill*         0x0800bc52        0x2 
 .rodata        0x0800bc54       0x40 ./src/adc.o
 .rodata        0x0800bc94       0x58 ./src/bargraph.o
 .rodata        0x0800bcec       0x44 ./src/button.o
 .rodata        0x0800bd30       0x4c ./src/led_blinker.o
 .rodata        0x0800bd7c       0x58 ./src/uart_task.o
 .rodata        0x0800bdd4        0x5 ./FreeRTOS/source/tasks.o
 *fill*         0x0800bdd9        0x3 
 .rodata        0x0800bddc        0x8 ./FreeRTOS/source/timers.o
 .rodata.str1.1
                0x0800bde4        0x2 c:/tools/arm/gcc/bin/../lib/gcc/arm-none-eabi/4.9.3/../../../../arm-none-eabi/lib/armv7e-m/fpu\libg_nano.a(lib_a-impure.o)
 .rodata.str1.1
                0x0800bde6       0x11 c:/tools/arm/gcc/bin/../lib/gcc/arm-none-eabi/4.9.3/../../../../arm-none-eabi/lib/armv7e-m/fpu\libg_nano.a(lib_a-nano-svfprintf.o)
 .rodata.str1.1
                0x0800bdf7       0x22 c:/tools/arm/gcc/bin/../lib/gcc/arm-none-eabi/4.9.3/../../../../arm-none-eabi/lib/armv7e-m/fpu\libg_nano.a(lib_a-nano-vfprintf_i.o)
 *(vtable)
 *(.eh_frame*)
 *(.glue_7)
 .glue_7        0x00000000        0x0 linker stubs
 *(.glue_7t)
 .glue_7t       0x00000000        0x0 linker stubs

.vfp11_veneer   0x0800be1c        0x0
 .vfp11_veneer  0x00000000        0x0 linker stubs

.v4_bx          0x0800be1c        0x0
 .v4_bx         0x00000000        0x0 linker stubs

.iplt           0x0800be1c        0x0
 .iplt          0x00000000        0x0 ./system/src/stm32f4-hal/stm32f4xx_hal.o

.rel.dyn        0x0800be1c        0x0
 .rel.iplt      0x00000000        0x0 ./system/src/stm32f4-hal/stm32f4xx_hal.o

.ARM.extab
 *(.ARM.extab* .gnu.linkonce.armextab.*)
                0x0800be1c                . = ALIGN (0x4)
                0x0800be1c                __exidx_start = .

.ARM.exidx
 *(.ARM.exidx* .gnu.linkonce.armexidx.*)
                0x0800be1c                __exidx_end = .
                0x0800be1c                . = ALIGN (0x4)
                0x0800be1c                _etext = .
                0x0800be1c                __etext = .

.data_CCMRAM    0x10000000        0x0 load address 0x0800be1c
 FILL mask 0xff
 *(.data.CCMRAM .data.CCMRAM.*)
                0x10000000                . = ALIGN (0x4)
                0x0800be1c                _sidata = LOADADDR (.data)

.data           0x20000000       0x7c load address 0x0800be1c
 FILL mask 0xff
                0x20000000                _sdata = .
                0x20000000                __data_start__ = .
 *(.data_begin .data_begin.*)
 .data_begin    0x20000000        0x4 ./system/src/newlib/_startup.o
 *(.data .data.*)
 .data.argv.4157
                0x20000004        0x8 ./system/src/newlib/_syscalls.o
 .data.SystemCoreClock
                0x2000000c        0x4 ./system/src/cmsis/system_stm32f4xx.o
                0x2000000c                SystemCoreClock
 .data.uxCriticalNesting
                0x20000010        0x4 ./FreeRTOS/ARM_CM3_MPU/port.o
 .data.impure_data
                0x20000014       0x60 c:/tools/arm/gcc/bin/../lib/gcc/arm-none-eabi/4.9.3/../../../../arm-none-eabi/lib/armv7e-m/fpu\libg_nano.a(lib_a-impure.o)
 .data._impure_ptr
                0x20000074        0x4 c:/tools/arm/gcc/bin/../lib/gcc/arm-none-eabi/4.9.3/../../../../arm-none-eabi/lib/armv7e-m/fpu\libg_nano.a(lib_a-impure.o)
                0x20000074                _impure_ptr
 *(.data_end .data_end.*)
 .data_end      0x20000078        0x4 ./system/src/newlib/_startup.o
                0x2000007c                . = ALIGN (0x4)
                0x2000007c                _edata = .
                0x2000007c                __data_end__ = .

.igot.plt       0x2000007c        0x0 load address 0x0800be98
 .igot.plt      0x00000000        0x0 ./system/src/stm32f4-hal/stm32f4xx_hal.o

user_data       0x2000007c        0x4 load address 0x0800be98
                0x2000007c                PROVIDE (__start_user_data, .)
 user_data      0x2000007c        0x4 ./FreeRTOS/MemoryManager/heap_tlsf.o
                0x2000007c                the_tlsf
                0x20000080                PROVIDE (__stop_user_data, .)

.bss_CCMRAM     0x10000000        0x0
 *(.bss.CCMRAM .bss.CCMRAM.*)

.bss            0x20000080      0x820
                0x20000080                __bss_start__ = .
                0x20000080                _sbss = .
 *(.bss_begin .bss_begin.*)
 .bss_begin     0x20000080        0x4 ./system/src/newlib/_startup.o
                0x20000400                . = ALIGN (_Common_Data_Region_Size)
 *fill*         0x20000084      0x37c 
                0x20000400                __common_data_start__ = .
 *(common_data)
 common_data    0x20000400       0x3d ./system/STM324xG_EVAL/stm324xg_eval.o
                0x20000400                heval_I2c
 *fill*         0x2000043d        0x3 
 common_data    0x20000440       0x10 ./system/STM324xG_EVAL/stm324xg_eval_lcd.o
                0x20000440                DrawProp
 common_data    0x20000450       0x46 ./src/adc.o
 *fill*         0x20000496        0x2 
 common_data    0x20000498        0x8 ./src/button.o
                0x20000498                button_task_handle
                0x2000049c                de_bounce_timer
 common_data    0x200004a0        0x4 ./src/main.o
                0x200004a0                xMutex_lcd
 common_data    0x200004a4       0x41 ./src/uart.o
                0x200004a4                uart::huart
                0x200004e4                uart::received_char
                0x20000800                . = ALIGN (_Common_Data_Region_Size)
 *fill*         0x200004e5      0x31b 
                0x20000800                __common_data_end__ = .
 *(.bss .bss.*)
 .bss.current_heap_end.3862
                0x20000800        0x4 ./system/src/newlib/_sbrk.o
 .bss.name.4156
                0x20000804        0x1 ./system/src/newlib/_syscalls.o
 *fill*         0x20000805        0x3 
 .bss.buf.4998  0x20000808       0x80 ./system/src/diag/Trace.o
 .bss.__malloc_sbrk_start
                0x20000888        0x4 c:/tools/arm/gcc/bin/../lib/gcc/arm-none-eabi/4.9.3/../../../../arm-none-eabi/lib/armv7e-m/fpu\libg_nano.a(lib_a-nano-mallocr.o)
                0x20000888                __malloc_sbrk_start
 .bss.__malloc_free_list
                0x2000088c        0x4 c:/tools/arm/gcc/bin/../lib/gcc/arm-none-eabi/4.9.3/../../../../arm-none-eabi/lib/armv7e-m/fpu\libg_nano.a(lib_a-nano-mallocr.o)
                0x2000088c                __malloc_free_list
 *(COMMON)
 COMMON         0x20000890        0x4 ./system/src/newlib/_syscalls.o
                0x20000890                errno
 COMMON         0x20000894        0x8 ./system/src/cortexm/exception_handlers.o
                0x20000894                Bad_Instruction_Address
                0x20000898                Bad_Memory_Address
 *(.bss_end .bss_end.*)
 .bss_end       0x2000089c        0x4 ./system/src/newlib/_startup.o
                0x200008a0                . = ALIGN (0x4)
                0x200008a0                __bss_end__ = .
                0x200008a0                _ebss = .

.system_ram     0x10000000     0x6500
                0x10000000                _s_system_ram = .
                0x10000000                __privileged_data_start__ = .
 *(privileged_data)
 privileged_data
                0x10000000      0x1a0 ./FreeRTOS/source/tasks.o
                0x10000000                pxCurrentTCB
 privileged_data
                0x100001a0       0x38 ./FreeRTOS/source/timers.o
                0x10000200                . = ALIGN (_Privileged_Data_Region_Size)
 *fill*         0x100001d8       0x28 
                0x10000200                __privileged_data_end__ = .
                0x10000200                __ccm_data_start__ = .
 *(.ccm_data)
 .ccm_data      0x10000200      0x200 ./src/uart_task.o
                0x10000400                __ccm_data_end__ = .
                0x10000400                . = ALIGN (0x4)
                0x10000400                __FreeRTOS_heap_begin__ = .
                0x10006400                . = (. + _FreeRTOS_heap_size)
 *fill*         0x10000400     0x6000 
                0x10006400                __FreeRTOS_heap_end__ = .
                0x10006400                _e_system_ram = .
                0x10006500                . = (. + _Minimum_Stack_Size)
 *fill*         0x10006400      0x100 

.noinit         0x200008a0        0x0
                0x200008a0                _noinit = .
 *(.noinit .noinit.*)
                0x200008a0                . = ALIGN (0x4)
                0x200008a0                _end_noinit = .
                0x200008a0                PROVIDE (end, _end_noinit)
                0x200008a0                PROVIDE (_end, _end_noinit)
                0x200008a0                PROVIDE (__end, _end_noinit)
                0x200008a0                PROVIDE (__end__, _end_noinit)

.b1text
 *(.b1text)
 *(.b1rodata)
 *(.b1rodata.*)

.eb0text
 *(.eb0text)
 *(.eb0rodata)
 *(.eb0rodata.*)

.eb1text
 *(.eb1text)
 *(.eb1rodata)
 *(.eb1rodata.*)

.eb2text
 *(.eb2text)
 *(.eb2rodata)
 *(.eb2rodata.*)

.eb3text
 *(.eb3text)
 *(.eb3rodata)
 *(.eb3rodata.*)

.stab
 *(.stab)

.stabstr
 *(.stabstr)

.stab.excl
 *(.stab.excl)

.stab.exclstr
 *(.stab.exclstr)

.stab.index
 *(.stab.index)

.stab.indexstr
 *(.stab.indexstr)

.comment        0x00000000       0x70
 *(.comment)
 .comment       0x00000000       0x70 ./system/src/stm32f4-hal/stm32f4xx_hal.o
                                 0x71 (size before relaxing)
 .comment       0x00000000       0x71 ./system/src/stm32f4-hal/stm32f4xx_hal_adc.o
 .comment       0x00000000       0x71 ./system/src/stm32f4-hal/stm32f4xx_hal_cortex.o
 .comment       0x00000000       0x71 ./system/src/stm32f4-hal/stm32f4xx_hal_gpio.o
 .comment       0x00000000       0x71 ./system/src/stm32f4-hal/stm32f4xx_hal_rcc.o
 .comment       0x00000000       0x71 ./system/src/stm32f4-hal/stm32f4xx_hal_sram.o
 .comment       0x00000000       0x71 ./system/src/stm32f4-hal/stm32f4xx_hal_uart.o
 .comment       0x00000000       0x71 ./system/src/stm32f4-hal/stm32f4xx_ll_fsmc.o
 .comment       0x00000000       0x71 ./system/src/newlib/_exit.o
 .comment       0x00000000       0x71 ./system/src/newlib/_sbrk.o
 .comment       0x00000000       0x71 ./system/src/newlib/_startup.o
 .comment       0x00000000       0x71 ./system/src/newlib/_syscalls.o
 .comment       0x00000000       0x71 ./system/src/newlib/assert.o
 .comment       0x00000000       0x71 ./system/src/diag/Trace.o
 .comment       0x00000000       0x71 ./system/src/diag/trace_impl.o
 .comment       0x00000000       0x71 ./system/src/cortexm/_initialize_hardware.o
 .comment       0x00000000       0x71 ./system/src/cortexm/exception_handlers.o
 .comment       0x00000000       0x71 ./system/src/cmsis/system_stm32f4xx.o
 .comment       0x00000000       0x71 ./system/src/cmsis/vectors_stm32f4xx.o
 .comment       0x00000000       0x71 ./system/STM324xG_EVAL/font24.o
 .comment       0x00000000       0x71 ./system/STM324xG_EVAL/ili9325.o
 .comment       0x00000000       0x71 ./system/STM324xG_EVAL/stm324xg_eval.o
 .comment       0x00000000       0x71 ./system/STM324xG_EVAL/stm324xg_eval_lcd.o
 .comment       0x00000000       0x71 ./src/adc.o
 .comment       0x00000000       0x71 ./src/bargraph.o
 .comment       0x00000000       0x71 ./src/button.o
 .comment       0x00000000       0x71 ./src/led_blinker.o
 .comment       0x00000000       0x71 ./src/main.o
 .comment       0x00000000       0x71 ./src/system_support.o
 .comment       0x00000000       0x71 ./src/uart.o
 .comment       0x00000000       0x71 ./src/uart_task.o
 .comment       0x00000000       0x71 ./FreeRTOS/source/list.o
 .comment       0x00000000       0x71 ./FreeRTOS/source/queue.o
 .comment       0x00000000       0x71 ./FreeRTOS/source/tasks.o
 .comment       0x00000000       0x71 ./FreeRTOS/source/timers.o
 .comment       0x00000000       0x71 ./FreeRTOS/MemoryManager/heap_tlsf.o
 .comment       0x00000000       0x71 ./FreeRTOS/MemoryManager/tlsf.o
 .comment       0x00000000       0x71 ./FreeRTOS/ARM_CM3_MPU/port.o

.ARM.attributes
                0x00000000       0x39
 .ARM.attributes
                0x00000000       0x39 ./system/src/stm32f4-hal/stm32f4xx_hal.o
 .ARM.attributes
                0x00000039       0x39 ./system/src/stm32f4-hal/stm32f4xx_hal_adc.o
 .ARM.attributes
                0x00000072       0x39 ./system/src/stm32f4-hal/stm32f4xx_hal_cortex.o
 .ARM.attributes
                0x000000ab       0x39 ./system/src/stm32f4-hal/stm32f4xx_hal_gpio.o
 .ARM.attributes
                0x000000e4       0x39 ./system/src/stm32f4-hal/stm32f4xx_hal_rcc.o
 .ARM.attributes
                0x0000011d       0x39 ./system/src/stm32f4-hal/stm32f4xx_hal_sram.o
 .ARM.attributes
                0x00000156       0x39 ./system/src/stm32f4-hal/stm32f4xx_hal_uart.o
 .ARM.attributes
                0x0000018f       0x39 ./system/src/stm32f4-hal/stm32f4xx_ll_fsmc.o
 .ARM.attributes
                0x000001c8       0x39 ./system/src/newlib/_exit.o
 .ARM.attributes
                0x00000201       0x39 ./system/src/newlib/_sbrk.o
 .ARM.attributes
                0x0000023a       0x39 ./system/src/newlib/_startup.o
 .ARM.attributes
                0x00000273       0x39 ./system/src/newlib/_syscalls.o
 .ARM.attributes
                0x000002ac       0x39 ./system/src/newlib/assert.o
 .ARM.attributes
                0x000002e5       0x39 ./system/src/diag/Trace.o
 .ARM.attributes
                0x0000031e       0x39 ./system/src/diag/trace_impl.o
 .ARM.attributes
                0x00000357       0x39 ./system/src/cortexm/_initialize_hardware.o
 .ARM.attributes
                0x00000390       0x39 ./system/src/cortexm/exception_handlers.o
 .ARM.attributes
                0x000003c9       0x39 ./system/src/cmsis/system_stm32f4xx.o
 .ARM.attributes
                0x00000402       0x39 ./system/src/cmsis/vectors_stm32f4xx.o
 .ARM.attributes
                0x0000043b       0x39 ./system/STM324xG_EVAL/font24.o
 .ARM.attributes
                0x00000474       0x39 ./system/STM324xG_EVAL/ili9325.o
 .ARM.attributes
                0x000004ad       0x39 ./system/STM324xG_EVAL/stm324xg_eval.o
 .ARM.attributes
                0x000004e6       0x39 ./system/STM324xG_EVAL/stm324xg_eval_lcd.o
 .ARM.attributes
                0x0000051f       0x39 ./src/adc.o
 .ARM.attributes
                0x00000558       0x39 ./src/bargraph.o
 .ARM.attributes
                0x00000591       0x39 ./src/button.o
 .ARM.attributes
                0x000005ca       0x39 ./src/led_blinker.o
 .ARM.attributes
                0x00000603       0x39 ./src/main.o
 .ARM.attributes
                0x0000063c       0x39 ./src/system_support.o
 .ARM.attributes
                0x00000675       0x39 ./src/uart.o
 .ARM.attributes
                0x000006ae       0x39 ./src/uart_task.o
 .ARM.attributes
                0x000006e7       0x39 ./FreeRTOS/source/list.o
 .ARM.attributes
                0x00000720       0x39 ./FreeRTOS/source/queue.o
 .ARM.attributes
                0x00000759       0x39 ./FreeRTOS/source/tasks.o
 .ARM.attributes
                0x00000792       0x39 ./FreeRTOS/source/timers.o
 .ARM.attributes
                0x000007cb       0x39 ./FreeRTOS/MemoryManager/heap_tlsf.o
 .ARM.attributes
                0x00000804       0x39 ./FreeRTOS/MemoryManager/tlsf.o
 .ARM.attributes
                0x0000083d       0x39 ./FreeRTOS/ARM_CM3_MPU/port.o
 .ARM.attributes
                0x00000876       0x34 c:/tools/arm/gcc/bin/../lib/gcc/arm-none-eabi/4.9.3/../../../../arm-none-eabi/lib/armv7e-m/fpu\libg_nano.a(lib_a-errno.o)
 .ARM.attributes
                0x000008aa       0x34 c:/tools/arm/gcc/bin/../lib/gcc/arm-none-eabi/4.9.3/../../../../arm-none-eabi/lib/armv7e-m/fpu\libg_nano.a(lib_a-impure.o)
 .ARM.attributes
                0x000008de       0x34 c:/tools/arm/gcc/bin/../lib/gcc/arm-none-eabi/4.9.3/../../../../arm-none-eabi/lib/armv7e-m/fpu\libg_nano.a(lib_a-memcpy.o)
 .ARM.attributes
                0x00000912       0x34 c:/tools/arm/gcc/bin/../lib/gcc/arm-none-eabi/4.9.3/../../../../arm-none-eabi/lib/armv7e-m/fpu\libg_nano.a(lib_a-memset.o)
 .ARM.attributes
                0x00000946       0x34 c:/tools/arm/gcc/bin/../lib/gcc/arm-none-eabi/4.9.3/../../../../arm-none-eabi/lib/armv7e-m/fpu\libg_nano.a(lib_a-strlen.o)
 .ARM.attributes
                0x0000097a       0x34 c:/tools/arm/gcc/bin/../lib/gcc/arm-none-eabi/4.9.3/../../../../arm-none-eabi/lib/armv7e-m/fpu\libg_nano.a(lib_a-vsnprintf.o)
 .ARM.attributes
                0x000009ae       0x34 c:/tools/arm/gcc/bin/../lib/gcc/arm-none-eabi/4.9.3/../../../../arm-none-eabi/lib/armv7e-m/fpu\libg_nano.a(lib_a-nano-svfprintf.o)
 .ARM.attributes
                0x000009e2       0x34 c:/tools/arm/gcc/bin/../lib/gcc/arm-none-eabi/4.9.3/../../../../arm-none-eabi/lib/armv7e-m/fpu\libg_nano.a(lib_a-nano-vfprintf_i.o)
 .ARM.attributes
                0x00000a16       0x34 c:/tools/arm/gcc/bin/../lib/gcc/arm-none-eabi/4.9.3/../../../../arm-none-eabi/lib/armv7e-m/fpu\libg_nano.a(lib_a-memchr.o)
 .ARM.attributes
                0x00000a4a       0x34 c:/tools/arm/gcc/bin/../lib/gcc/arm-none-eabi/4.9.3/../../../../arm-none-eabi/lib/armv7e-m/fpu\libg_nano.a(lib_a-memmove.o)
 .ARM.attributes
                0x00000a7e       0x34 c:/tools/arm/gcc/bin/../lib/gcc/arm-none-eabi/4.9.3/../../../../arm-none-eabi/lib/armv7e-m/fpu\libg_nano.a(lib_a-nano-freer.o)
 .ARM.attributes
                0x00000ab2       0x34 c:/tools/arm/gcc/bin/../lib/gcc/arm-none-eabi/4.9.3/../../../../arm-none-eabi/lib/armv7e-m/fpu\libg_nano.a(lib_a-nano-mallocr.o)
 .ARM.attributes
                0x00000ae6       0x34 c:/tools/arm/gcc/bin/../lib/gcc/arm-none-eabi/4.9.3/../../../../arm-none-eabi/lib/armv7e-m/fpu\libg_nano.a(lib_a-nano-reallocr.o)
 .ARM.attributes
                0x00000b1a       0x34 c:/tools/arm/gcc/bin/../lib/gcc/arm-none-eabi/4.9.3/../../../../arm-none-eabi/lib/armv7e-m/fpu\libg_nano.a(lib_a-sbrkr.o)
 .ARM.attributes
                0x00000b4e       0x34 c:/tools/arm/gcc/bin/../lib/gcc/arm-none-eabi/4.9.3/../../../../arm-none-eabi/lib/armv7e-m/fpu\libg_nano.a(lib_a-nano-msizer.o)

.debug
 *(.debug)

.line
 *(.line)

.debug_srcinfo
 *(.debug_srcinfo)

.debug_sfnames
 *(.debug_sfnames)

.debug_aranges  0x00000000     0x14f8
 *(.debug_aranges)
 .debug_aranges
                0x00000000       0xc0 ./system/src/stm32f4-hal/stm32f4xx_hal.o
 .debug_aranges
                0x000000c0       0xe8 ./system/src/stm32f4-hal/stm32f4xx_hal_adc.o
 .debug_aranges
                0x000001a8      0x108 ./system/src/stm32f4-hal/stm32f4xx_hal_cortex.o
 .debug_aranges
                0x000002b0       0x58 ./system/src/stm32f4-hal/stm32f4xx_hal_gpio.o
 .debug_aranges
                0x00000308       0x88 ./system/src/stm32f4-hal/stm32f4xx_hal_rcc.o
 .debug_aranges
                0x00000390       0xa0 ./system/src/stm32f4-hal/stm32f4xx_hal_sram.o
 .debug_aranges
                0x00000430      0x150 ./system/src/stm32f4-hal/stm32f4xx_hal_uart.o
 .debug_aranges
                0x00000580       0xa8 ./system/src/stm32f4-hal/stm32f4xx_ll_fsmc.o
 .debug_aranges
                0x00000628       0x28 ./system/src/newlib/_exit.o
 .debug_aranges
                0x00000650       0x20 ./system/src/newlib/_sbrk.o
 .debug_aranges
                0x00000670       0x40 ./system/src/newlib/_startup.o
 .debug_aranges
                0x000006b0       0x30 ./system/src/newlib/_syscalls.o
 .debug_aranges
                0x000006e0       0x28 ./system/src/newlib/assert.o
 .debug_aranges
                0x00000708       0x38 ./system/src/diag/Trace.o
 .debug_aranges
                0x00000740       0x30 ./system/src/diag/trace_impl.o
 .debug_aranges
                0x00000770       0x28 ./system/src/cortexm/_initialize_hardware.o
 .debug_aranges
                0x00000798       0x90 ./system/src/cortexm/exception_handlers.o
 .debug_aranges
                0x00000828       0x30 ./system/src/cmsis/system_stm32f4xx.o
 .debug_aranges
                0x00000858       0x20 ./system/src/cmsis/vectors_stm32f4xx.o
 .debug_aranges
                0x00000878       0x18 ./system/STM324xG_EVAL/font24.o
 .debug_aranges
                0x00000890       0x98 ./system/STM324xG_EVAL/ili9325.o
 .debug_aranges
                0x00000928      0x190 ./system/STM324xG_EVAL/stm324xg_eval.o
 .debug_aranges
                0x00000ab8      0x130 ./system/STM324xG_EVAL/stm324xg_eval_lcd.o
 .debug_aranges
                0x00000be8       0x50 ./src/adc.o
 .debug_aranges
                0x00000c38       0x40 ./src/bargraph.o
 .debug_aranges
                0x00000c78       0x50 ./src/button.o
 .debug_aranges
                0x00000cc8       0x30 ./src/led_blinker.o
 .debug_aranges
                0x00000cf8       0x20 ./src/main.o
 .debug_aranges
                0x00000d18       0x28 ./src/system_support.o
 .debug_aranges
                0x00000d40       0x50 ./src/uart.o
 .debug_aranges
                0x00000d90       0x30 ./src/uart_task.o
 .debug_aranges
                0x00000dc0       0x40 ./FreeRTOS/source/list.o
 .debug_aranges
                0x00000e00       0xd8 ./FreeRTOS/source/queue.o
 .debug_aranges
                0x00000ed8      0x1a0 ./FreeRTOS/source/tasks.o
 .debug_aranges
                0x00001078       0x98 ./FreeRTOS/source/timers.o
 .debug_aranges
                0x00001110       0x40 ./FreeRTOS/MemoryManager/heap_tlsf.o
 .debug_aranges
                0x00001150      0x210 ./FreeRTOS/MemoryManager/tlsf.o
 .debug_aranges
                0x00001360      0x198 ./FreeRTOS/ARM_CM3_MPU/port.o

.debug_pubnames
 *(.debug_pubnames)

.debug_info     0x00000000    0x1273f
 *(.debug_info .gnu.linkonce.wi.*)
 .debug_info    0x00000000      0x848 ./system/src/stm32f4-hal/stm32f4xx_hal.o
 .debug_info    0x00000848      0xc7d ./system/src/stm32f4-hal/stm32f4xx_hal_adc.o
 .debug_info    0x000014c5      0xd15 ./system/src/stm32f4-hal/stm32f4xx_hal_cortex.o
 .debug_info    0x000021da      0x6e7 ./system/src/stm32f4-hal/stm32f4xx_hal_gpio.o
 .debug_info    0x000028c1      0xb00 ./system/src/stm32f4-hal/stm32f4xx_hal_rcc.o
 .debug_info    0x000033c1      0xa1c ./system/src/stm32f4-hal/stm32f4xx_hal_sram.o
 .debug_info    0x00003ddd      0xeeb ./system/src/stm32f4-hal/stm32f4xx_hal_uart.o
 .debug_info    0x00004cc8      0x9d6 ./system/src/stm32f4-hal/stm32f4xx_ll_fsmc.o
 .debug_info    0x0000569e       0xba ./system/src/newlib/_exit.o
 .debug_info    0x00005758      0x109 ./system/src/newlib/_sbrk.o
 .debug_info    0x00005861      0x45c ./system/src/newlib/_startup.o
 .debug_info    0x00005cbd      0x18b ./system/src/newlib/_syscalls.o
 .debug_info    0x00005e48      0x12c ./system/src/newlib/assert.o
 .debug_info    0x00005f74      0x1cf ./system/src/diag/Trace.o
 .debug_info    0x00006143      0x2ee ./system/src/diag/trace_impl.o
 .debug_info    0x00006431      0x26d ./system/src/cortexm/_initialize_hardware.o
 .debug_info    0x0000669e      0x650 ./system/src/cortexm/exception_handlers.o
 .debug_info    0x00006cee      0x605 ./system/src/cmsis/system_stm32f4xx.o
 .debug_info    0x000072f3       0xd4 ./system/src/cmsis/vectors_stm32f4xx.o
 .debug_info    0x000073c7      0x10a ./system/STM324xG_EVAL/font24.o
 .debug_info    0x000074d1      0x5ee ./system/STM324xG_EVAL/ili9325.o
 .debug_info    0x00007abf     0x1e3d ./system/STM324xG_EVAL/stm324xg_eval.o
 .debug_info    0x000098fc      0xff2 ./system/STM324xG_EVAL/stm324xg_eval_lcd.o
 .debug_info    0x0000a8ee      0xb5c ./src/adc.o
 .debug_info    0x0000b44a      0x4d6 ./src/bargraph.o
 .debug_info    0x0000b920      0x5b8 ./src/button.o
 .debug_info    0x0000bed8      0x409 ./src/led_blinker.o
 .debug_info    0x0000c2e1      0x162 ./src/main.o
 .debug_info    0x0000c443      0x294 ./src/system_support.o
 .debug_info    0x0000c6d7      0x89e ./src/uart.o
 .debug_info    0x0000cf75      0x87e ./src/uart_task.o
 .debug_info    0x0000d7f3      0x29d ./FreeRTOS/source/list.o
 .debug_info    0x0000da90      0xaac ./FreeRTOS/source/queue.o
 .debug_info    0x0000e53c     0x1425 ./FreeRTOS/source/tasks.o
 .debug_info    0x0000f961      0x822 ./FreeRTOS/source/timers.o
 .debug_info    0x00010183      0x1c6 ./FreeRTOS/MemoryManager/heap_tlsf.o
 .debug_info    0x00010349     0x14d2 ./FreeRTOS/MemoryManager/tlsf.o
 .debug_info    0x0001181b      0xf24 ./FreeRTOS/ARM_CM3_MPU/port.o

.debug_abbrev   0x00000000     0x3d30
 *(.debug_abbrev)
 .debug_abbrev  0x00000000      0x1f1 ./system/src/stm32f4-hal/stm32f4xx_hal.o
 .debug_abbrev  0x000001f1      0x21c ./system/src/stm32f4-hal/stm32f4xx_hal_adc.o
 .debug_abbrev  0x0000040d      0x2a7 ./system/src/stm32f4-hal/stm32f4xx_hal_cortex.o
 .debug_abbrev  0x000006b4      0x1ad ./system/src/stm32f4-hal/stm32f4xx_hal_gpio.o
 .debug_abbrev  0x00000861      0x297 ./system/src/stm32f4-hal/stm32f4xx_hal_rcc.o
 .debug_abbrev  0x00000af8      0x198 ./system/src/stm32f4-hal/stm32f4xx_hal_sram.o
 .debug_abbrev  0x00000c90      0x236 ./system/src/stm32f4-hal/stm32f4xx_hal_uart.o
 .debug_abbrev  0x00000ec6      0x170 ./system/src/stm32f4-hal/stm32f4xx_ll_fsmc.o
 .debug_abbrev  0x00001036       0x6e ./system/src/newlib/_exit.o
 .debug_abbrev  0x000010a4       0x8e ./system/src/newlib/_sbrk.o
 .debug_abbrev  0x00001132      0x16a ./system/src/newlib/_startup.o
 .debug_abbrev  0x0000129c       0xc9 ./system/src/newlib/_syscalls.o
 .debug_abbrev  0x00001365       0x73 ./system/src/newlib/assert.o
 .debug_abbrev  0x000013d8       0xf0 ./system/src/diag/Trace.o
 .debug_abbrev  0x000014c8      0x192 ./system/src/diag/trace_impl.o
 .debug_abbrev  0x0000165a       0xbb ./system/src/cortexm/_initialize_hardware.o
 .debug_abbrev  0x00001715      0x204 ./system/src/cortexm/exception_handlers.o
 .debug_abbrev  0x00001919      0x14a ./system/src/cmsis/system_stm32f4xx.o
 .debug_abbrev  0x00001a63       0x9d ./system/src/cmsis/vectors_stm32f4xx.o
 .debug_abbrev  0x00001b00       0x98 ./system/STM324xG_EVAL/font24.o
 .debug_abbrev  0x00001b98      0x169 ./system/STM324xG_EVAL/ili9325.o
 .debug_abbrev  0x00001d01      0x2f2 ./system/STM324xG_EVAL/stm324xg_eval.o
 .debug_abbrev  0x00001ff3      0x252 ./system/STM324xG_EVAL/stm324xg_eval_lcd.o
 .debug_abbrev  0x00002245      0x2b0 ./src/adc.o
 .debug_abbrev  0x000024f5      0x1fc ./src/bargraph.o
 .debug_abbrev  0x000026f1      0x24c ./src/button.o
 .debug_abbrev  0x0000293d      0x1b8 ./src/led_blinker.o
 .debug_abbrev  0x00002af5       0xa8 ./src/main.o
 .debug_abbrev  0x00002b9d      0x107 ./src/system_support.o
 .debug_abbrev  0x00002ca4      0x2a6 ./src/uart.o
 .debug_abbrev  0x00002f4a      0x232 ./src/uart_task.o
 .debug_abbrev  0x0000317c       0xc1 ./FreeRTOS/source/list.o
 .debug_abbrev  0x0000323d      0x15e ./FreeRTOS/source/queue.o
 .debug_abbrev  0x0000339b      0x279 ./FreeRTOS/source/tasks.o
 .debug_abbrev  0x00003614      0x1a5 ./FreeRTOS/source/timers.o
 .debug_abbrev  0x000037b9       0xe7 ./FreeRTOS/MemoryManager/heap_tlsf.o
 .debug_abbrev  0x000038a0      0x297 ./FreeRTOS/MemoryManager/tlsf.o
 .debug_abbrev  0x00003b37      0x1f9 ./FreeRTOS/ARM_CM3_MPU/port.o

.debug_line     0x00000000    0x152bc
 *(.debug_line)
 .debug_line    0x00000000      0xa98 ./system/src/stm32f4-hal/stm32f4xx_hal.o
 .debug_line    0x00000a98      0xf3d ./system/src/stm32f4-hal/stm32f4xx_hal_adc.o
 .debug_line    0x000019d5      0xd84 ./system/src/stm32f4-hal/stm32f4xx_hal_cortex.o
 .debug_line    0x00002759      0xc9b ./system/src/stm32f4-hal/stm32f4xx_hal_gpio.o
 .debug_line    0x000033f4      0xe1e ./system/src/stm32f4-hal/stm32f4xx_hal_rcc.o
 .debug_line    0x00004212      0xc10 ./system/src/stm32f4-hal/stm32f4xx_hal_sram.o
 .debug_line    0x00004e22     0x1161 ./system/src/stm32f4-hal/stm32f4xx_hal_uart.o
 .debug_line    0x00005f83      0xde1 ./system/src/stm32f4-hal/stm32f4xx_ll_fsmc.o
 .debug_line    0x00006d64      0x252 ./system/src/newlib/_exit.o
 .debug_line    0x00006fb6      0x1d1 ./system/src/newlib/_sbrk.o
 .debug_line    0x00007187      0x2ab ./system/src/newlib/_startup.o
 .debug_line    0x00007432      0x2e6 ./system/src/newlib/_syscalls.o
 .debug_line    0x00007718      0x29c ./system/src/newlib/assert.o
 .debug_line    0x000079b4      0x2b0 ./system/src/diag/Trace.o
 .debug_line    0x00007c64      0xa02 ./system/src/diag/trace_impl.o
 .debug_line    0x00008666      0x924 ./system/src/cortexm/_initialize_hardware.o
 .debug_line    0x00008f8a      0xaf0 ./system/src/cortexm/exception_handlers.o
 .debug_line    0x00009a7a      0x971 ./system/src/cmsis/system_stm32f4xx.o
 .debug_line    0x0000a3eb      0x104 ./system/src/cmsis/vectors_stm32f4xx.o
 .debug_line    0x0000a4ef       0x9d ./system/STM324xG_EVAL/font24.o
 .debug_line    0x0000a58c      0xcea ./system/STM324xG_EVAL/ili9325.o
 .debug_line    0x0000b276      0xdc2 ./system/STM324xG_EVAL/stm324xg_eval.o
 .debug_line    0x0000c038      0xfb2 ./system/STM324xG_EVAL/stm324xg_eval_lcd.o
 .debug_line    0x0000cfea      0xbe0 ./src/adc.o
 .debug_line    0x0000dbca      0xb80 ./src/bargraph.o
 .debug_line    0x0000e74a      0xbae ./src/button.o
 .debug_line    0x0000f2f8      0xb3d ./src/led_blinker.o
 .debug_line    0x0000fe35      0xaf2 ./src/main.o
 .debug_line    0x00010927      0x916 ./src/system_support.o
 .debug_line    0x0001123d      0xb83 ./src/uart.o
 .debug_line    0x00011dc0      0xb42 ./src/uart_task.o
 .debug_line    0x00012902      0x344 ./FreeRTOS/source/list.o
 .debug_line    0x00012c46      0x634 ./FreeRTOS/source/queue.o
 .debug_line    0x0001327a      0x959 ./FreeRTOS/source/tasks.o
 .debug_line    0x00013bd3      0x43f ./FreeRTOS/source/timers.o
 .debug_line    0x00014012      0x1f4 ./FreeRTOS/MemoryManager/heap_tlsf.o
 .debug_line    0x00014206      0xa3e ./FreeRTOS/MemoryManager/tlsf.o
 .debug_line    0x00014c44      0x678 ./FreeRTOS/ARM_CM3_MPU/port.o

.debug_frame    0x00000000     0x53e4
 *(.debug_frame)
 .debug_frame   0x00000000      0x2c0 ./system/src/stm32f4-hal/stm32f4xx_hal.o
 .debug_frame   0x000002c0      0x3f4 ./system/src/stm32f4-hal/stm32f4xx_hal_adc.o
 .debug_frame   0x000006b4      0x44c ./system/src/stm32f4-hal/stm32f4xx_hal_cortex.o
 .debug_frame   0x00000b00      0x13c ./system/src/stm32f4-hal/stm32f4xx_hal_gpio.o
 .debug_frame   0x00000c3c      0x204 ./system/src/stm32f4-hal/stm32f4xx_hal_rcc.o
 .debug_frame   0x00000e40      0x2a0 ./system/src/stm32f4-hal/stm32f4xx_hal_sram.o
 .debug_frame   0x000010e0      0x5dc ./system/src/stm32f4-hal/stm32f4xx_hal_uart.o
 .debug_frame   0x000016bc      0x2b0 ./system/src/stm32f4-hal/stm32f4xx_ll_fsmc.o
 .debug_frame   0x0000196c       0x48 ./system/src/newlib/_exit.o
 .debug_frame   0x000019b4       0x34 ./system/src/newlib/_sbrk.o
 .debug_frame   0x000019e8       0xc8 ./system/src/newlib/_startup.o
 .debug_frame   0x00001ab0       0x80 ./system/src/newlib/_syscalls.o
 .debug_frame   0x00001b30       0x50 ./system/src/newlib/assert.o
 .debug_frame   0x00001b80       0xb8 ./system/src/diag/Trace.o
 .debug_frame   0x00001c38       0x7c ./system/src/diag/trace_impl.o
 .debug_frame   0x00001cb4       0x48 ./system/src/cortexm/_initialize_hardware.o
 .debug_frame   0x00001cfc      0x19c ./system/src/cortexm/exception_handlers.o
 .debug_frame   0x00001e98       0x7c ./system/src/cmsis/system_stm32f4xx.o
 .debug_frame   0x00001f14       0x28 ./system/src/cmsis/vectors_stm32f4xx.o
 .debug_frame   0x00001f3c      0x238 ./system/STM324xG_EVAL/ili9325.o
 .debug_frame   0x00002174      0x674 ./system/STM324xG_EVAL/stm324xg_eval.o
 .debug_frame   0x000027e8      0x51c ./system/STM324xG_EVAL/stm324xg_eval_lcd.o
 .debug_frame   0x00002d04      0x128 ./src/adc.o
 .debug_frame   0x00002e2c       0xd4 ./src/bargraph.o
 .debug_frame   0x00002f00      0x134 ./src/button.o
 .debug_frame   0x00003034       0x94 ./src/led_blinker.o
 .debug_frame   0x000030c8       0x2c ./src/main.o
 .debug_frame   0x000030f4       0x4c ./src/system_support.o
 .debug_frame   0x00003140      0x110 ./src/uart.o
 .debug_frame   0x00003250       0x94 ./src/uart_task.o
 .debug_frame   0x000032e4       0xd8 ./FreeRTOS/source/list.o
 .debug_frame   0x000033bc      0x384 ./FreeRTOS/source/queue.o
 .debug_frame   0x00003740      0x700 ./FreeRTOS/source/tasks.o
 .debug_frame   0x00003e40      0x254 ./FreeRTOS/source/timers.o
 .debug_frame   0x00004094       0xbc ./FreeRTOS/MemoryManager/heap_tlsf.o
 .debug_frame   0x00004150      0x944 ./FreeRTOS/MemoryManager/tlsf.o
 .debug_frame   0x00004a94      0x664 ./FreeRTOS/ARM_CM3_MPU/port.o
 .debug_frame   0x000050f8       0x20 c:/tools/arm/gcc/bin/../lib/gcc/arm-none-eabi/4.9.3/../../../../arm-none-eabi/lib/armv7e-m/fpu\libg_nano.a(lib_a-errno.o)
 .debug_frame   0x00005118       0x28 c:/tools/arm/gcc/bin/../lib/gcc/arm-none-eabi/4.9.3/../../../../arm-none-eabi/lib/armv7e-m/fpu\libg_nano.a(lib_a-memcpy.o)
 .debug_frame   0x00005140       0x20 c:/tools/arm/gcc/bin/../lib/gcc/arm-none-eabi/4.9.3/../../../../arm-none-eabi/lib/armv7e-m/fpu\libg_nano.a(lib_a-memset.o)
 .debug_frame   0x00005160       0x20 c:/tools/arm/gcc/bin/../lib/gcc/arm-none-eabi/4.9.3/../../../../arm-none-eabi/lib/armv7e-m/fpu\libg_nano.a(lib_a-strlen.o)
 .debug_frame   0x00005180       0x50 c:/tools/arm/gcc/bin/../lib/gcc/arm-none-eabi/4.9.3/../../../../arm-none-eabi/lib/armv7e-m/fpu\libg_nano.a(lib_a-vsnprintf.o)
 .debug_frame   0x000051d0       0x8c c:/tools/arm/gcc/bin/../lib/gcc/arm-none-eabi/4.9.3/../../../../arm-none-eabi/lib/armv7e-m/fpu\libg_nano.a(lib_a-nano-svfprintf.o)
 .debug_frame   0x0000525c       0x58 c:/tools/arm/gcc/bin/../lib/gcc/arm-none-eabi/4.9.3/../../../../arm-none-eabi/lib/armv7e-m/fpu\libg_nano.a(lib_a-nano-vfprintf_i.o)
 .debug_frame   0x000052b4       0x28 c:/tools/arm/gcc/bin/../lib/gcc/arm-none-eabi/4.9.3/../../../../arm-none-eabi/lib/armv7e-m/fpu\libg_nano.a(lib_a-memchr.o)
 .debug_frame   0x000052dc       0x28 c:/tools/arm/gcc/bin/../lib/gcc/arm-none-eabi/4.9.3/../../../../arm-none-eabi/lib/armv7e-m/fpu\libg_nano.a(lib_a-memmove.o)
 .debug_frame   0x00005304       0x2c c:/tools/arm/gcc/bin/../lib/gcc/arm-none-eabi/4.9.3/../../../../arm-none-eabi/lib/armv7e-m/fpu\libg_nano.a(lib_a-nano-freer.o)
 .debug_frame   0x00005330       0x2c c:/tools/arm/gcc/bin/../lib/gcc/arm-none-eabi/4.9.3/../../../../arm-none-eabi/lib/armv7e-m/fpu\libg_nano.a(lib_a-nano-mallocr.o)
 .debug_frame   0x0000535c       0x3c c:/tools/arm/gcc/bin/../lib/gcc/arm-none-eabi/4.9.3/../../../../arm-none-eabi/lib/armv7e-m/fpu\libg_nano.a(lib_a-nano-reallocr.o)
 .debug_frame   0x00005398       0x2c c:/tools/arm/gcc/bin/../lib/gcc/arm-none-eabi/4.9.3/../../../../arm-none-eabi/lib/armv7e-m/fpu\libg_nano.a(lib_a-sbrkr.o)
 .debug_frame   0x000053c4       0x20 c:/tools/arm/gcc/bin/../lib/gcc/arm-none-eabi/4.9.3/../../../../arm-none-eabi/lib/armv7e-m/fpu\libg_nano.a(lib_a-nano-msizer.o)

.debug_str      0x00000000    0xaff0a
 *(.debug_str)
 .debug_str     0x00000000    0x9df9d ./system/src/stm32f4-hal/stm32f4xx_hal.o
                              0x9e407 (size before relaxing)
 .debug_str     0x0009df9d      0x71b ./system/src/stm32f4-hal/stm32f4xx_hal_adc.o
                              0x9e155 (size before relaxing)
 .debug_str     0x0009e6b8      0x3be ./system/src/stm32f4-hal/stm32f4xx_hal_cortex.o
                              0x9e2cf (size before relaxing)
 .debug_str     0x0009ea76      0x2b1 ./system/src/stm32f4-hal/stm32f4xx_hal_gpio.o
                              0x9dcd0 (size before relaxing)
 .debug_str     0x0009ed27      0x397 ./system/src/stm32f4-hal/stm32f4xx_hal_rcc.o
                              0x9de4e (size before relaxing)
 .debug_str     0x0009f0be      0x38e ./system/src/stm32f4-hal/stm32f4xx_hal_sram.o
                              0x9df7c (size before relaxing)
 .debug_str     0x0009f44c      0x4d8 ./system/src/stm32f4-hal/stm32f4xx_hal_uart.o
                              0x9e110 (size before relaxing)
 .debug_str     0x0009f924       0xfb ./system/src/stm32f4-hal/stm32f4xx_ll_fsmc.o
                              0x9ddeb (size before relaxing)
 .debug_str     0x0009fa1f      0xee0 ./system/src/newlib/_exit.o
                               0x5eab (size before relaxing)
 .debug_str     0x000a08ff      0x35e ./system/src/newlib/_sbrk.o
                               0x4620 (size before relaxing)
 .debug_str     0x000a0c5d      0x295 ./system/src/newlib/_startup.o
                               0x4207 (size before relaxing)
 .debug_str     0x000a0ef2     0x118c ./system/src/newlib/_syscalls.o
                               0x661a (size before relaxing)
 .debug_str     0x000a207e       0xd6 ./system/src/newlib/assert.o
                               0x69ac (size before relaxing)
 .debug_str     0x000a2154      0x176 ./system/src/diag/Trace.o
                               0x67a9 (size before relaxing)
 .debug_str     0x000a22ca      0x387 ./system/src/diag/trace_impl.o
                              0x9e9da (size before relaxing)
 .debug_str     0x000a2651       0x5f ./system/src/cortexm/_initialize_hardware.o
                              0x9d955 (size before relaxing)
 .debug_str     0x000a26b0      0x1ca ./system/src/cortexm/exception_handlers.o
                              0x9eb86 (size before relaxing)
 .debug_str     0x000a287a       0xd7 ./system/src/cmsis/system_stm32f4xx.o
                              0x9db24 (size before relaxing)
 .debug_str     0x000a2951       0x57 ./system/src/cmsis/vectors_stm32f4xx.o
                               0x30ba (size before relaxing)
 .debug_str     0x000a29a8       0xb3 ./system/STM324xG_EVAL/font24.o
                               0x30f5 (size before relaxing)
 .debug_str     0x000a2a5b     0x8089 ./system/STM324xG_EVAL/ili9325.o
                              0xa5a5b (size before relaxing)
 .debug_str     0x000aaae4      0xa7d ./system/STM324xG_EVAL/stm324xg_eval.o
                              0xa0bfd (size before relaxing)
 .debug_str     0x000ab561      0x4a2 ./system/STM324xG_EVAL/stm324xg_eval_lcd.o
                              0xa5de3 (size before relaxing)
 .debug_str     0x000aba03      0x950 ./src/adc.o
                              0xa654e (size before relaxing)
 .debug_str     0x000ac353       0x96 ./src/bargraph.o
                              0xa5d8a (size before relaxing)
 .debug_str     0x000ac3e9      0x901 ./src/button.o
                              0xa6642 (size before relaxing)
 .debug_str     0x000accea       0x88 ./src/led_blinker.o
                              0xa5d05 (size before relaxing)
 .debug_str     0x000acd72       0x23 ./src/main.o
                              0xa5b3c (size before relaxing)
 .debug_str     0x000acd95       0x85 ./src/system_support.o
                              0x9dbee (size before relaxing)
 .debug_str     0x000ace1a      0x3ca ./src/uart.o
                              0xa6429 (size before relaxing)
 .debug_str     0x000ad1e4       0x66 ./src/uart_task.o
                              0xa61c2 (size before relaxing)
 .debug_str     0x000ad24a      0x130 ./FreeRTOS/source/list.o
                               0x97c7 (size before relaxing)
 .debug_str     0x000ad37a      0x62d ./FreeRTOS/source/queue.o
                               0xa59d (size before relaxing)
 .debug_str     0x000ad9a7      0xff1 ./FreeRTOS/source/tasks.o
                               0xaf7f (size before relaxing)
 .debug_str     0x000ae998      0x360 ./FreeRTOS/source/timers.o
                               0xaaf0 (size before relaxing)
 .debug_str     0x000aecf8       0xf1 ./FreeRTOS/MemoryManager/heap_tlsf.o
                               0x7191 (size before relaxing)
 .debug_str     0x000aede9      0x7d9 ./FreeRTOS/MemoryManager/tlsf.o
                               0x3a8c (size before relaxing)
 .debug_str     0x000af5c2      0x948 ./FreeRTOS/ARM_CM3_MPU/port.o
                               0x91d1 (size before relaxing)

.debug_loc
 *(.debug_loc)

.debug_macinfo
 *(.debug_macinfo)

.debug_weaknames
 *(.debug_weaknames)

.debug_funcnames
 *(.debug_funcnames)

.debug_typenames
 *(.debug_typenames)

.debug_varnames
 *(.debug_varnames)
OUTPUT(test_stm32f4_MPU_FPU.elf elf32-littlearm)

.debug_ranges   0x00000000     0x1290
 .debug_ranges  0x00000000       0xb0 ./system/src/stm32f4-hal/stm32f4xx_hal.o
 .debug_ranges  0x000000b0       0xd8 ./system/src/stm32f4-hal/stm32f4xx_hal_adc.o
 .debug_ranges  0x00000188       0xf8 ./system/src/stm32f4-hal/stm32f4xx_hal_cortex.o
 .debug_ranges  0x00000280       0x48 ./system/src/stm32f4-hal/stm32f4xx_hal_gpio.o
 .debug_ranges  0x000002c8       0x78 ./system/src/stm32f4-hal/stm32f4xx_hal_rcc.o
 .debug_ranges  0x00000340       0x90 ./system/src/stm32f4-hal/stm32f4xx_hal_sram.o
 .debug_ranges  0x000003d0      0x140 ./system/src/stm32f4-hal/stm32f4xx_hal_uart.o
 .debug_ranges  0x00000510       0x98 ./system/src/stm32f4-hal/stm32f4xx_ll_fsmc.o
 .debug_ranges  0x000005a8       0x18 ./system/src/newlib/_exit.o
 .debug_ranges  0x000005c0       0x10 ./system/src/newlib/_sbrk.o
 .debug_ranges  0x000005d0       0x30 ./system/src/newlib/_startup.o
 .debug_ranges  0x00000600       0x20 ./system/src/newlib/_syscalls.o
 .debug_ranges  0x00000620       0x18 ./system/src/newlib/assert.o
 .debug_ranges  0x00000638       0x28 ./system/src/diag/Trace.o
 .debug_ranges  0x00000660       0x20 ./system/src/diag/trace_impl.o
 .debug_ranges  0x00000680       0x18 ./system/src/cortexm/_initialize_hardware.o
 .debug_ranges  0x00000698       0x80 ./system/src/cortexm/exception_handlers.o
 .debug_ranges  0x00000718       0x20 ./system/src/cmsis/system_stm32f4xx.o
 .debug_ranges  0x00000738       0x10 ./system/src/cmsis/vectors_stm32f4xx.o
 .debug_ranges  0x00000748       0x88 ./system/STM324xG_EVAL/ili9325.o
 .debug_ranges  0x000007d0      0x180 ./system/STM324xG_EVAL/stm324xg_eval.o